<?xml version="1.0" encoding="ISO-8859-1" ?>
<link_info>
   <banner>MSP430 Linker PC v21.6.1.LTS</banner>
   <copyright>Copyright (c) 2003-2018 Texas Instruments Incorporated</copyright>
   <link_time>0x67e57754</link_time>
   <link_errors>0x0</link_errors>
   <output_file>Dynament_Protocol.out</output_file>
   <entry_point>
      <name>_c_int00_noargs_mpu</name>
      <address>0x44aa</address>
   </entry_point>
   <input_file_list>
      <input_file id="fl-2">
         <path>.\</path>
         <kind>object</kind>
         <file>main.obj</file>
         <name>main.obj</name>
      </input_file>
      <input_file id="fl-3">
         <path>.\src\</path>
         <kind>object</kind>
         <file>DynamentComms.obj</file>
         <name>DynamentComms.obj</name>
      </input_file>
      <input_file id="fl-4">
         <path>.\src\</path>
         <kind>object</kind>
         <file>ModbusComms.obj</file>
         <name>ModbusComms.obj</name>
      </input_file>
      <input_file id="fl-5">
         <path>.\src\</path>
         <kind>object</kind>
         <file>comms.obj</file>
         <name>comms.obj</name>
      </input_file>
      <input_file id="fl-6">
         <path>.\src\</path>
         <kind>object</kind>
         <file>studiolib.obj</file>
         <name>studiolib.obj</name>
      </input_file>
      <input_file id="fl-7">
         <path>.\src\</path>
         <kind>object</kind>
         <file>uart.obj</file>
         <name>uart.obj</name>
      </input_file>
      <input_file id="fl-e">
         <kind>object</kind>
         <file>&lt;internal&gt;</file>
         <name>&lt;internal&gt;</name>
      </input_file>
      <input_file id="fl-2e">
         <path>C:\ti\ccs1271\ccs\tools\compiler\ti-cgt-msp430_21.6.1.LTS\lib\</path>
         <kind>archive</kind>
         <file>rts430x_lc_rd_eabi.lib</file>
         <name>copy_decompress_lzss.c.obj</name>
      </input_file>
      <input_file id="fl-2f">
         <path>C:\ti\ccs1271\ccs\tools\compiler\ti-cgt-msp430_21.6.1.LTS\lib\</path>
         <kind>archive</kind>
         <file>rts430x_lc_rd_eabi.lib</file>
         <name>copy_decompress_none.c.obj</name>
      </input_file>
      <input_file id="fl-30">
         <path>C:\ti\ccs1271\ccs\tools\compiler\ti-cgt-msp430_21.6.1.LTS\lib\</path>
         <kind>archive</kind>
         <file>rts430x_lc_rd_eabi.lib</file>
         <name>int30.asm.obj</name>
      </input_file>
      <input_file id="fl-31">
         <path>C:\ti\ccs1271\ccs\tools\compiler\ti-cgt-msp430_21.6.1.LTS\lib\</path>
         <kind>archive</kind>
         <file>rts430x_lc_rd_eabi.lib</file>
         <name>isr_trap.asm.obj</name>
      </input_file>
      <input_file id="fl-32">
         <path>C:\ti\ccs1271\ccs\tools\compiler\ti-cgt-msp430_21.6.1.LTS\lib\</path>
         <kind>archive</kind>
         <file>rts430x_lc_rd_eabi.lib</file>
         <name>int31.asm.obj</name>
      </input_file>
      <input_file id="fl-33">
         <path>C:\ti\ccs1271\ccs\tools\compiler\ti-cgt-msp430_21.6.1.LTS\lib\</path>
         <kind>archive</kind>
         <file>rts430x_lc_rd_eabi.lib</file>
         <name>int32.asm.obj</name>
      </input_file>
      <input_file id="fl-34">
         <path>C:\ti\ccs1271\ccs\tools\compiler\ti-cgt-msp430_21.6.1.LTS\lib\</path>
         <kind>archive</kind>
         <file>rts430x_lc_rd_eabi.lib</file>
         <name>int33.asm.obj</name>
      </input_file>
      <input_file id="fl-35">
         <path>C:\ti\ccs1271\ccs\tools\compiler\ti-cgt-msp430_21.6.1.LTS\lib\</path>
         <kind>archive</kind>
         <file>rts430x_lc_rd_eabi.lib</file>
         <name>int34.asm.obj</name>
      </input_file>
      <input_file id="fl-36">
         <path>C:\ti\ccs1271\ccs\tools\compiler\ti-cgt-msp430_21.6.1.LTS\lib\</path>
         <kind>archive</kind>
         <file>rts430x_lc_rd_eabi.lib</file>
         <name>int35.asm.obj</name>
      </input_file>
      <input_file id="fl-37">
         <path>C:\ti\ccs1271\ccs\tools\compiler\ti-cgt-msp430_21.6.1.LTS\lib\</path>
         <kind>archive</kind>
         <file>rts430x_lc_rd_eabi.lib</file>
         <name>int36.asm.obj</name>
      </input_file>
      <input_file id="fl-38">
         <path>C:\ti\ccs1271\ccs\tools\compiler\ti-cgt-msp430_21.6.1.LTS\lib\</path>
         <kind>archive</kind>
         <file>rts430x_lc_rd_eabi.lib</file>
         <name>int37.asm.obj</name>
      </input_file>
      <input_file id="fl-39">
         <path>C:\ti\ccs1271\ccs\tools\compiler\ti-cgt-msp430_21.6.1.LTS\lib\</path>
         <kind>archive</kind>
         <file>rts430x_lc_rd_eabi.lib</file>
         <name>int38.asm.obj</name>
      </input_file>
      <input_file id="fl-3a">
         <path>C:\ti\ccs1271\ccs\tools\compiler\ti-cgt-msp430_21.6.1.LTS\lib\</path>
         <kind>archive</kind>
         <file>rts430x_lc_rd_eabi.lib</file>
         <name>int39.asm.obj</name>
      </input_file>
      <input_file id="fl-3b">
         <path>C:\ti\ccs1271\ccs\tools\compiler\ti-cgt-msp430_21.6.1.LTS\lib\</path>
         <kind>archive</kind>
         <file>rts430x_lc_rd_eabi.lib</file>
         <name>int40.asm.obj</name>
      </input_file>
      <input_file id="fl-3c">
         <path>C:\ti\ccs1271\ccs\tools\compiler\ti-cgt-msp430_21.6.1.LTS\lib\</path>
         <kind>archive</kind>
         <file>rts430x_lc_rd_eabi.lib</file>
         <name>int42.asm.obj</name>
      </input_file>
      <input_file id="fl-3d">
         <path>C:\ti\ccs1271\ccs\tools\compiler\ti-cgt-msp430_21.6.1.LTS\lib\</path>
         <kind>archive</kind>
         <file>rts430x_lc_rd_eabi.lib</file>
         <name>int44.asm.obj</name>
      </input_file>
      <input_file id="fl-3e">
         <path>C:\ti\ccs1271\ccs\tools\compiler\ti-cgt-msp430_21.6.1.LTS\lib\</path>
         <kind>archive</kind>
         <file>rts430x_lc_rd_eabi.lib</file>
         <name>int46.asm.obj</name>
      </input_file>
      <input_file id="fl-3f">
         <path>C:\ti\ccs1271\ccs\tools\compiler\ti-cgt-msp430_21.6.1.LTS\lib\</path>
         <kind>archive</kind>
         <file>rts430x_lc_rd_eabi.lib</file>
         <name>int47.asm.obj</name>
      </input_file>
      <input_file id="fl-40">
         <path>C:\ti\ccs1271\ccs\tools\compiler\ti-cgt-msp430_21.6.1.LTS\lib\</path>
         <kind>archive</kind>
         <file>rts430x_lc_rd_eabi.lib</file>
         <name>int48.asm.obj</name>
      </input_file>
      <input_file id="fl-41">
         <path>C:\ti\ccs1271\ccs\tools\compiler\ti-cgt-msp430_21.6.1.LTS\lib\</path>
         <kind>archive</kind>
         <file>rts430x_lc_rd_eabi.lib</file>
         <name>int50.asm.obj</name>
      </input_file>
      <input_file id="fl-42">
         <path>C:\ti\ccs1271\ccs\tools\compiler\ti-cgt-msp430_21.6.1.LTS\lib\</path>
         <kind>archive</kind>
         <file>rts430x_lc_rd_eabi.lib</file>
         <name>int51.asm.obj</name>
      </input_file>
      <input_file id="fl-43">
         <path>C:\ti\ccs1271\ccs\tools\compiler\ti-cgt-msp430_21.6.1.LTS\lib\</path>
         <kind>archive</kind>
         <file>rts430x_lc_rd_eabi.lib</file>
         <name>int52.asm.obj</name>
      </input_file>
      <input_file id="fl-44">
         <path>C:\ti\ccs1271\ccs\tools\compiler\ti-cgt-msp430_21.6.1.LTS\lib\</path>
         <kind>archive</kind>
         <file>rts430x_lc_rd_eabi.lib</file>
         <name>int53.asm.obj</name>
      </input_file>
      <input_file id="fl-45">
         <path>C:\ti\ccs1271\ccs\tools\compiler\ti-cgt-msp430_21.6.1.LTS\lib\</path>
         <kind>archive</kind>
         <file>rts430x_lc_rd_eabi.lib</file>
         <name>int54.asm.obj</name>
      </input_file>
      <input_file id="fl-46">
         <path>C:\ti\ccs1271\ccs\tools\compiler\ti-cgt-msp430_21.6.1.LTS\lib\</path>
         <kind>archive</kind>
         <file>rts430x_lc_rd_eabi.lib</file>
         <name>copy_zero_init.c.obj</name>
      </input_file>
      <input_file id="fl-47">
         <path>C:\ti\ccs1271\ccs\tools\compiler\ti-cgt-msp430_21.6.1.LTS\lib\</path>
         <kind>archive</kind>
         <file>rts430x_lc_rd_eabi.lib</file>
         <name>fs_cmp.asm.obj</name>
      </input_file>
      <input_file id="fl-48">
         <path>C:\ti\ccs1271\ccs\tools\compiler\ti-cgt-msp430_21.6.1.LTS\lib\</path>
         <kind>archive</kind>
         <file>rts430x_lc_rd_eabi.lib</file>
         <name>cvtfd.c.obj</name>
      </input_file>
      <input_file id="fl-49">
         <path>C:\ti\ccs1271\ccs\tools\compiler\ti-cgt-msp430_21.6.1.LTS\lib\</path>
         <kind>archive</kind>
         <file>rts430x_lc_rd_eabi.lib</file>
         <name>div16s.asm.obj</name>
      </input_file>
      <input_file id="fl-4a">
         <path>C:\ti\ccs1271\ccs\tools\compiler\ti-cgt-msp430_21.6.1.LTS\lib\</path>
         <kind>archive</kind>
         <file>rts430x_lc_rd_eabi.lib</file>
         <name>div16u.asm.obj</name>
      </input_file>
      <input_file id="fl-4b">
         <path>C:\ti\ccs1271\ccs\tools\compiler\ti-cgt-msp430_21.6.1.LTS\lib\</path>
         <kind>archive</kind>
         <file>rts430x_lc_rd_eabi.lib</file>
         <name>fs_itof.asm.obj</name>
      </input_file>
      <input_file id="fl-4c">
         <path>C:\ti\ccs1271\ccs\tools\compiler\ti-cgt-msp430_21.6.1.LTS\lib\</path>
         <kind>archive</kind>
         <file>rts430x_lc_rd_eabi.lib</file>
         <name>mult16_f5hw.asm.obj</name>
      </input_file>
      <input_file id="fl-4d">
         <path>C:\ti\ccs1271\ccs\tools\compiler\ti-cgt-msp430_21.6.1.LTS\lib\</path>
         <kind>archive</kind>
         <file>rts430x_lc_rd_eabi.lib</file>
         <name>mult32_f5hw.asm.obj</name>
      </input_file>
      <input_file id="fl-4e">
         <path>C:\ti\ccs1271\ccs\tools\compiler\ti-cgt-msp430_21.6.1.LTS\lib\</path>
         <kind>archive</kind>
         <file>rts430x_lc_rd_eabi.lib</file>
         <name>mult64_f5hw.asm.obj</name>
      </input_file>
      <input_file id="fl-4f">
         <path>C:\ti\ccs1271\ccs\tools\compiler\ti-cgt-msp430_21.6.1.LTS\lib\</path>
         <kind>archive</kind>
         <file>rts430x_lc_rd_eabi.lib</file>
         <name>mult1632_f5hw.asm.obj</name>
      </input_file>
      <input_file id="fl-50">
         <path>C:\ti\ccs1271\ccs\tools\compiler\ti-cgt-msp430_21.6.1.LTS\lib\</path>
         <kind>archive</kind>
         <file>rts430x_lc_rd_eabi.lib</file>
         <name>mult3264_f5hw.asm.obj</name>
      </input_file>
      <input_file id="fl-51">
         <path>C:\ti\ccs1271\ccs\tools\compiler\ti-cgt-msp430_21.6.1.LTS\lib\</path>
         <kind>archive</kind>
         <file>rts430x_lc_rd_eabi.lib</file>
         <name>lsl32.asm.obj</name>
      </input_file>
      <input_file id="fl-52">
         <path>C:\ti\ccs1271\ccs\tools\compiler\ti-cgt-msp430_21.6.1.LTS\lib\</path>
         <kind>archive</kind>
         <file>rts430x_lc_rd_eabi.lib</file>
         <name>asr32.asm.obj</name>
      </input_file>
      <input_file id="fl-53">
         <path>C:\ti\ccs1271\ccs\tools\compiler\ti-cgt-msp430_21.6.1.LTS\lib\</path>
         <kind>archive</kind>
         <file>rts430x_lc_rd_eabi.lib</file>
         <name>lsr32.asm.obj</name>
      </input_file>
      <input_file id="fl-54">
         <path>C:\ti\ccs1271\ccs\tools\compiler\ti-cgt-msp430_21.6.1.LTS\lib\</path>
         <kind>archive</kind>
         <file>rts430x_lc_rd_eabi.lib</file>
         <name>lsr64.c.obj</name>
      </input_file>
      <input_file id="fl-55">
         <path>C:\ti\ccs1271\ccs\tools\compiler\ti-cgt-msp430_21.6.1.LTS\lib\</path>
         <kind>archive</kind>
         <file>rts430x_lc_rd_eabi.lib</file>
         <name>boot.c.obj</name>
      </input_file>
      <input_file id="fl-56">
         <path>C:\ti\ccs1271\ccs\ccs_base\msp430\lib\FR59xx\</path>
         <kind>archive</kind>
         <file>MSPMPU_INIT_LIB_CCS_msp430_large_code_restricted_data.lib</file>
         <name>mpu_init.o</name>
      </input_file>
      <input_file id="fl-57">
         <path>C:\ti\ccs1271\ccs\tools\compiler\ti-cgt-msp430_21.6.1.LTS\lib\</path>
         <kind>archive</kind>
         <file>rts430x_lc_rd_eabi.lib</file>
         <name>args_main.c.obj</name>
      </input_file>
      <input_file id="fl-58">
         <path>C:\ti\ccs1271\ccs\tools\compiler\ti-cgt-msp430_21.6.1.LTS\lib\</path>
         <kind>archive</kind>
         <file>rts430x_lc_rd_eabi.lib</file>
         <name>autoinit.c.obj</name>
      </input_file>
      <input_file id="fl-59">
         <path>C:\ti\ccs1271\ccs\tools\compiler\ti-cgt-msp430_21.6.1.LTS\lib\</path>
         <kind>archive</kind>
         <file>rts430x_lc_rd_eabi.lib</file>
         <name>startup.c.obj</name>
      </input_file>
      <input_file id="fl-5a">
         <path>C:\ti\ccs1271\ccs\tools\compiler\ti-cgt-msp430_21.6.1.LTS\lib\</path>
         <kind>archive</kind>
         <file>rts430x_lc_rd_eabi.lib</file>
         <name>pre_init.c.obj</name>
      </input_file>
      <input_file id="fl-5b">
         <path>C:\ti\ccs1271\ccs\tools\compiler\ti-cgt-msp430_21.6.1.LTS\lib\</path>
         <kind>archive</kind>
         <file>rts430x_lc_rd_eabi.lib</file>
         <name>cpy_tbl.c.obj</name>
      </input_file>
      <input_file id="fl-5c">
         <path>C:\ti\ccs1271\ccs\tools\compiler\ti-cgt-msp430_21.6.1.LTS\lib\</path>
         <kind>archive</kind>
         <file>rts430x_lc_rd_eabi.lib</file>
         <name>mult16.asm.obj</name>
      </input_file>
      <input_file id="fl-5d">
         <path>C:\ti\ccs1271\ccs\tools\compiler\ti-cgt-msp430_21.6.1.LTS\lib\</path>
         <kind>archive</kind>
         <file>rts430x_lc_rd_eabi.lib</file>
         <name>exit.c.obj</name>
      </input_file>
      <input_file id="fl-5e">
         <path>C:\ti\ccs1271\ccs\tools\compiler\ti-cgt-msp430_21.6.1.LTS\lib\</path>
         <kind>archive</kind>
         <file>rts430x_lc_rd_eabi.lib</file>
         <name>exit_gvars.c.obj</name>
      </input_file>
      <input_file id="fl-5f">
         <path>C:\ti\ccs1271\ccs\tools\compiler\ti-cgt-msp430_21.6.1.LTS\lib\</path>
         <kind>archive</kind>
         <file>rts430x_lc_rd_eabi.lib</file>
         <name>_lock.c.obj</name>
      </input_file>
      <input_file id="fl-60">
         <path>C:\ti\ccs1271\ccs\tools\compiler\ti-cgt-msp430_21.6.1.LTS\lib\</path>
         <kind>archive</kind>
         <file>rts430x_lc_rd_eabi.lib</file>
         <name>memcpy.c.obj</name>
      </input_file>
      <input_file id="fl-61">
         <path>C:\ti\ccs1271\ccs\tools\compiler\ti-cgt-msp430_21.6.1.LTS\lib\</path>
         <kind>archive</kind>
         <file>rts430x_lc_rd_eabi.lib</file>
         <name>snprintf.c.obj</name>
      </input_file>
      <input_file id="fl-62">
         <path>C:\ti\ccs1271\ccs\tools\compiler\ti-cgt-msp430_21.6.1.LTS\lib\</path>
         <kind>archive</kind>
         <file>rts430x_lc_rd_eabi.lib</file>
         <name>_printfi.c.obj</name>
      </input_file>
      <input_file id="fl-63">
         <path>C:\ti\ccs1271\ccs\tools\compiler\ti-cgt-msp430_21.6.1.LTS\lib\</path>
         <kind>archive</kind>
         <file>rts430x_lc_rd_eabi.lib</file>
         <name>_ltoa.c.obj</name>
      </input_file>
      <input_file id="fl-64">
         <path>C:\ti\ccs1271\ccs\tools\compiler\ti-cgt-msp430_21.6.1.LTS\lib\</path>
         <kind>archive</kind>
         <file>rts430x_lc_rd_eabi.lib</file>
         <name>cmpd.c.obj</name>
      </input_file>
      <input_file id="fl-65">
         <path>C:\ti\ccs1271\ccs\tools\compiler\ti-cgt-msp430_21.6.1.LTS\lib\</path>
         <kind>archive</kind>
         <file>rts430x_lc_rd_eabi.lib</file>
         <name>divd.c.obj</name>
      </input_file>
      <input_file id="fl-66">
         <path>C:\ti\ccs1271\ccs\tools\compiler\ti-cgt-msp430_21.6.1.LTS\lib\</path>
         <kind>archive</kind>
         <file>rts430x_lc_rd_eabi.lib</file>
         <name>frcdivd.c.obj</name>
      </input_file>
      <input_file id="fl-67">
         <path>C:\ti\ccs1271\ccs\tools\compiler\ti-cgt-msp430_21.6.1.LTS\lib\</path>
         <kind>archive</kind>
         <file>rts430x_lc_rd_eabi.lib</file>
         <name>div32s.asm.obj</name>
      </input_file>
      <input_file id="fl-68">
         <path>C:\ti\ccs1271\ccs\tools\compiler\ti-cgt-msp430_21.6.1.LTS\lib\</path>
         <kind>archive</kind>
         <file>rts430x_lc_rd_eabi.lib</file>
         <name>div32u.asm.obj</name>
      </input_file>
      <input_file id="fl-69">
         <path>C:\ti\ccs1271\ccs\tools\compiler\ti-cgt-msp430_21.6.1.LTS\lib\</path>
         <kind>archive</kind>
         <file>rts430x_lc_rd_eabi.lib</file>
         <name>div64u.c.obj</name>
      </input_file>
      <input_file id="fl-6a">
         <path>C:\ti\ccs1271\ccs\tools\compiler\ti-cgt-msp430_21.6.1.LTS\lib\</path>
         <kind>archive</kind>
         <file>rts430x_lc_rd_eabi.lib</file>
         <name>fixdi.c.obj</name>
      </input_file>
      <input_file id="fl-6b">
         <path>C:\ti\ccs1271\ccs\tools\compiler\ti-cgt-msp430_21.6.1.LTS\lib\</path>
         <kind>archive</kind>
         <file>rts430x_lc_rd_eabi.lib</file>
         <name>fixdli.c.obj</name>
      </input_file>
      <input_file id="fl-6c">
         <path>C:\ti\ccs1271\ccs\tools\compiler\ti-cgt-msp430_21.6.1.LTS\lib\</path>
         <kind>archive</kind>
         <file>rts430x_lc_rd_eabi.lib</file>
         <name>fltid.c.obj</name>
      </input_file>
      <input_file id="fl-6d">
         <path>C:\ti\ccs1271\ccs\tools\compiler\ti-cgt-msp430_21.6.1.LTS\lib\</path>
         <kind>archive</kind>
         <file>rts430x_lc_rd_eabi.lib</file>
         <name>fltlid.c.obj</name>
      </input_file>
      <input_file id="fl-6e">
         <path>C:\ti\ccs1271\ccs\tools\compiler\ti-cgt-msp430_21.6.1.LTS\lib\</path>
         <kind>archive</kind>
         <file>rts430x_lc_rd_eabi.lib</file>
         <name>mpyd.c.obj</name>
      </input_file>
      <input_file id="fl-6f">
         <path>C:\ti\ccs1271\ccs\tools\compiler\ti-cgt-msp430_21.6.1.LTS\lib\</path>
         <kind>archive</kind>
         <file>rts430x_lc_rd_eabi.lib</file>
         <name>frcmpyd.c.obj</name>
      </input_file>
      <input_file id="fl-70">
         <path>C:\ti\ccs1271\ccs\tools\compiler\ti-cgt-msp430_21.6.1.LTS\lib\</path>
         <kind>archive</kind>
         <file>rts430x_lc_rd_eabi.lib</file>
         <name>mult32.asm.obj</name>
      </input_file>
      <input_file id="fl-71">
         <path>C:\ti\ccs1271\ccs\tools\compiler\ti-cgt-msp430_21.6.1.LTS\lib\</path>
         <kind>archive</kind>
         <file>rts430x_lc_rd_eabi.lib</file>
         <name>mult64.asm.obj</name>
      </input_file>
      <input_file id="fl-72">
         <path>C:\ti\ccs1271\ccs\tools\compiler\ti-cgt-msp430_21.6.1.LTS\lib\</path>
         <kind>archive</kind>
         <file>rts430x_lc_rd_eabi.lib</file>
         <name>mult1632.asm.obj</name>
      </input_file>
      <input_file id="fl-73">
         <path>C:\ti\ccs1271\ccs\tools\compiler\ti-cgt-msp430_21.6.1.LTS\lib\</path>
         <kind>archive</kind>
         <file>rts430x_lc_rd_eabi.lib</file>
         <name>mult3264.asm.obj</name>
      </input_file>
      <input_file id="fl-74">
         <path>C:\ti\ccs1271\ccs\tools\compiler\ti-cgt-msp430_21.6.1.LTS\lib\</path>
         <kind>archive</kind>
         <file>rts430x_lc_rd_eabi.lib</file>
         <name>negd.c.obj</name>
      </input_file>
      <input_file id="fl-75">
         <path>C:\ti\ccs1271\ccs\tools\compiler\ti-cgt-msp430_21.6.1.LTS\lib\</path>
         <kind>archive</kind>
         <file>rts430x_lc_rd_eabi.lib</file>
         <name>lsl64.c.obj</name>
      </input_file>
      <input_file id="fl-76">
         <path>C:\ti\ccs1271\ccs\tools\compiler\ti-cgt-msp430_21.6.1.LTS\lib\</path>
         <kind>archive</kind>
         <file>rts430x_lc_rd_eabi.lib</file>
         <name>subd.c.obj</name>
      </input_file>
      <input_file id="fl-77">
         <path>C:\ti\ccs1271\ccs\tools\compiler\ti-cgt-msp430_21.6.1.LTS\lib\</path>
         <kind>archive</kind>
         <file>rts430x_lc_rd_eabi.lib</file>
         <name>addd.c.obj</name>
      </input_file>
      <input_file id="fl-78">
         <path>C:\ti\ccs1271\ccs\tools\compiler\ti-cgt-msp430_21.6.1.LTS\lib\</path>
         <kind>archive</kind>
         <file>rts430x_lc_rd_eabi.lib</file>
         <name>asr64.c.obj</name>
      </input_file>
      <input_file id="fl-79">
         <path>C:\ti\ccs1271\ccs\tools\compiler\ti-cgt-msp430_21.6.1.LTS\lib\</path>
         <kind>archive</kind>
         <file>rts430x_lc_rd_eabi.lib</file>
         <name>abs.c.obj</name>
      </input_file>
      <input_file id="fl-7a">
         <path>C:\ti\ccs1271\ccs\tools\compiler\ti-cgt-msp430_21.6.1.LTS\lib\</path>
         <kind>archive</kind>
         <file>rts430x_lc_rd_eabi.lib</file>
         <name>atoi.c.obj</name>
      </input_file>
      <input_file id="fl-7b">
         <path>C:\ti\ccs1271\ccs\tools\compiler\ti-cgt-msp430_21.6.1.LTS\lib\</path>
         <kind>archive</kind>
         <file>rts430x_lc_rd_eabi.lib</file>
         <name>ctype.c.obj</name>
      </input_file>
      <input_file id="fl-7c">
         <path>C:\ti\ccs1271\ccs\tools\compiler\ti-cgt-msp430_21.6.1.LTS\lib\</path>
         <kind>archive</kind>
         <file>rts430x_lc_rd_eabi.lib</file>
         <name>errno.c.obj</name>
      </input_file>
      <input_file id="fl-7d">
         <path>C:\ti\ccs1271\ccs\tools\compiler\ti-cgt-msp430_21.6.1.LTS\lib\</path>
         <kind>archive</kind>
         <file>rts430x_lc_rd_eabi.lib</file>
         <name>s_frexp.c.obj</name>
      </input_file>
      <input_file id="fl-7e">
         <path>C:\ti\ccs1271\ccs\tools\compiler\ti-cgt-msp430_21.6.1.LTS\lib\</path>
         <kind>archive</kind>
         <file>rts430x_lc_rd_eabi.lib</file>
         <name>s_scalbn.c.obj</name>
      </input_file>
      <input_file id="fl-7f">
         <path>C:\ti\ccs1271\ccs\tools\compiler\ti-cgt-msp430_21.6.1.LTS\lib\</path>
         <kind>archive</kind>
         <file>rts430x_lc_rd_eabi.lib</file>
         <name>s_copysign.c.obj</name>
      </input_file>
      <input_file id="fl-80">
         <path>C:\ti\ccs1271\ccs\tools\compiler\ti-cgt-msp430_21.6.1.LTS\lib\</path>
         <kind>archive</kind>
         <file>rts430x_lc_rd_eabi.lib</file>
         <name>memccpy.c.obj</name>
      </input_file>
      <input_file id="fl-81">
         <path>C:\ti\ccs1271\ccs\tools\compiler\ti-cgt-msp430_21.6.1.LTS\lib\</path>
         <kind>archive</kind>
         <file>rts430x_lc_rd_eabi.lib</file>
         <name>memset.c.obj</name>
      </input_file>
      <input_file id="fl-82">
         <path>C:\ti\ccs1271\ccs\tools\compiler\ti-cgt-msp430_21.6.1.LTS\lib\</path>
         <kind>archive</kind>
         <file>rts430x_lc_rd_eabi.lib</file>
         <name>strchr.c.obj</name>
      </input_file>
      <input_file id="fl-83">
         <path>C:\ti\ccs1271\ccs\tools\compiler\ti-cgt-msp430_21.6.1.LTS\lib\</path>
         <kind>archive</kind>
         <file>rts430x_lc_rd_eabi.lib</file>
         <name>strlen.c.obj</name>
      </input_file>
      <input_file id="fl-84">
         <path>C:\ti\ccs1271\ccs\tools\compiler\ti-cgt-msp430_21.6.1.LTS\lib\</path>
         <kind>archive</kind>
         <file>rts430x_lc_rd_eabi.lib</file>
         <name>toupper.c.obj</name>
      </input_file>
      <input_file id="fl-85">
         <path>C:\ti\ccs1271\ccs\tools\compiler\ti-cgt-msp430_21.6.1.LTS\lib\</path>
         <kind>archive</kind>
         <file>rts430x_lc_rd_eabi.lib</file>
         <name>wcslen.c.obj</name>
      </input_file>
   </input_file_list>
   <object_component_list>
      <object_component id="oc-94f">
         <name>__TI_handler_table</name>
         <load_address>0x4f86</load_address>
         <run_address>0x4f86</run_address>
         <size>0xc</size>
      </object_component>
      <object_component id="oc-952">
         <name>.cinit..data.load</name>
         <load_address>0x4f92</load_address>
         <run_address>0x4f92</run_address>
         <size>0xb</size>
      </object_component>
      <object_component id="oc-951">
         <name>.cinit..bss.load</name>
         <load_address>0x4f9e</load_address>
         <run_address>0x4f9e</run_address>
         <size>0x6</size>
      </object_component>
      <object_component id="oc-950">
         <name>__TI_cinit_table</name>
         <load_address>0x4fa4</load_address>
         <run_address>0x4fa4</run_address>
         <size>0x10</size>
      </object_component>
      <object_component id="oc-8de">
         <name>.binit</name>
         <load_address>0x4400</load_address>
         <run_address>0x4400</run_address>
         <size>0x0</size>
      </object_component>
      <object_component id="oc-550">
         <name>.const:.string</name>
         <load_address>0x4b42</load_address>
         <run_address>0x4b42</run_address>
         <size>0x180</size>
         <input_file_ref idref="fl-3"/>
      </object_component>
      <object_component id="oc-4af">
         <name>.const:.string</name>
         <load_address>0x4cc2</load_address>
         <run_address>0x4cc2</run_address>
         <size>0x120</size>
         <input_file_ref idref="fl-2"/>
      </object_component>
      <object_component id="oc-75a">
         <name>.const:.string:_ctypes_</name>
         <load_address>0x4de2</load_address>
         <run_address>0x4de2</run_address>
         <size>0x101</size>
         <input_file_ref idref="fl-7b"/>
      </object_component>
      <object_component id="oc-43c">
         <name>.const:.string</name>
         <load_address>0x4ee4</load_address>
         <run_address>0x4ee4</run_address>
         <size>0x4e</size>
         <input_file_ref idref="fl-5"/>
      </object_component>
      <object_component id="oc-70d">
         <name>.const:.string</name>
         <load_address>0x4f32</load_address>
         <run_address>0x4f32</run_address>
         <size>0x26</size>
         <input_file_ref idref="fl-62"/>
      </object_component>
      <object_component id="oc-615">
         <name>.const:.string</name>
         <load_address>0x4f58</load_address>
         <run_address>0x4f58</run_address>
         <size>0x26</size>
         <input_file_ref idref="fl-7"/>
      </object_component>
      <object_component id="oc-5f5">
         <name>.const:.string</name>
         <load_address>0x4f7e</load_address>
         <run_address>0x4f7e</run_address>
         <size>0x8</size>
         <input_file_ref idref="fl-6"/>
      </object_component>
      <object_component id="oc-3d8">
         <name>.text:_isr:USCI_A1_ISR</name>
         <load_address>0x4400</load_address>
         <run_address>0x4400</run_address>
         <size>0x50</size>
         <input_file_ref idref="fl-5"/>
      </object_component>
      <object_component id="oc-3d2">
         <name>.text:_isr:Timer_A1_ISR</name>
         <load_address>0x4450</load_address>
         <run_address>0x4450</run_address>
         <size>0x34</size>
         <input_file_ref idref="fl-5"/>
      </object_component>
      <object_component id="oc-3de">
         <name>.text:_isr:Timer_A0_ISR</name>
         <load_address>0x4484</load_address>
         <run_address>0x4484</run_address>
         <size>0x26</size>
         <input_file_ref idref="fl-2"/>
      </object_component>
      <object_component id="oc-414">
         <name>.text:_isr:_c_int00_noargs_mpu</name>
         <load_address>0x44aa</load_address>
         <run_address>0x44aa</run_address>
         <size>0x20</size>
         <input_file_ref idref="fl-55"/>
      </object_component>
      <object_component id="oc-3cd">
         <name>.text:_isr:__TI_ISR_TRAP</name>
         <load_address>0x44ca</load_address>
         <run_address>0x44ca</run_address>
         <size>0x8</size>
         <input_file_ref idref="fl-31"/>
      </object_component>
      <object_component id="oc-3e4">
         <name>.text:_isr:WDT_ISR</name>
         <load_address>0x44d2</load_address>
         <run_address>0x44d2</run_address>
         <size>0x4</size>
         <input_file_ref idref="fl-2"/>
      </object_component>
      <object_component id="oc-884">
         <name>.text</name>
         <load_address>0x44d6</load_address>
         <run_address>0x44d6</run_address>
         <size>0x40</size>
         <input_file_ref idref="fl-67"/>
      </object_component>
      <object_component id="oc-549">
         <name>.text:UART_sendFloat</name>
         <load_address>0x4516</load_address>
         <run_address>0x4516</run_address>
         <size>0x3e</size>
         <input_file_ref idref="fl-6"/>
      </object_component>
      <object_component id="oc-679">
         <name>.text:l_asr_const</name>
         <load_address>0x4554</load_address>
         <run_address>0x4554</run_address>
         <size>0x3e</size>
         <input_file_ref idref="fl-52"/>
      </object_component>
      <object_component id="oc-6f9">
         <name>.text:l_lsl_const</name>
         <load_address>0x4592</load_address>
         <run_address>0x4592</run_address>
         <size>0x3e</size>
         <input_file_ref idref="fl-51"/>
      </object_component>
      <object_component id="oc-88b">
         <name>.text:l_lsr_const</name>
         <load_address>0x45d0</load_address>
         <run_address>0x45d0</run_address>
         <size>0x3e</size>
         <input_file_ref idref="fl-53"/>
      </object_component>
      <object_component id="oc-821">
         <name>.text:__mspabi_sllll</name>
         <load_address>0x460e</load_address>
         <run_address>0x460e</run_address>
         <size>0x3a</size>
         <input_file_ref idref="fl-75"/>
      </object_component>
      <object_component id="oc-7c7">
         <name>.text:__mspabi_srlll</name>
         <load_address>0x4648</load_address>
         <run_address>0x4648</run_address>
         <size>0x3a</size>
         <input_file_ref idref="fl-54"/>
      </object_component>
      <object_component id="oc-5d0">
         <name>.text:_outs</name>
         <load_address>0x4682</load_address>
         <run_address>0x4682</run_address>
         <size>0x36</size>
         <input_file_ref idref="fl-61"/>
      </object_component>
      <object_component id="oc-46b">
         <name>.text:main</name>
         <load_address>0x46b8</load_address>
         <run_address>0x46b8</run_address>
         <size>0x36</size>
         <input_file_ref idref="fl-2"/>
      </object_component>
      <object_component id="oc-83f">
         <name>.text:__mspabi_subd</name>
         <load_address>0x46ee</load_address>
         <run_address>0x46ee</run_address>
         <size>0x32</size>
         <input_file_ref idref="fl-76"/>
      </object_component>
      <object_component id="oc-4b6">
         <name>.text:RequestLiveData2</name>
         <load_address>0x4720</load_address>
         <run_address>0x4720</run_address>
         <size>0x2e</size>
         <input_file_ref idref="fl-3"/>
      </object_component>
      <object_component id="oc-788">
         <name>.text:__mspabi_negd</name>
         <load_address>0x474e</load_address>
         <run_address>0x474e</run_address>
         <size>0x2e</size>
         <input_file_ref idref="fl-74"/>
      </object_component>
      <object_component id="oc-8b8">
         <name>.text:copysign</name>
         <load_address>0x477c</load_address>
         <run_address>0x477c</run_address>
         <size>0x2e</size>
         <input_file_ref idref="fl-7f"/>
      </object_component>
      <object_component id="oc-47d">
         <name>.text:__mpu_init</name>
         <load_address>0x47aa</load_address>
         <run_address>0x47aa</run_address>
         <size>0x2c</size>
         <input_file_ref idref="fl-56"/>
      </object_component>
      <object_component id="oc-8a0">
         <name>.text:__mpyull</name>
         <load_address>0x47d6</load_address>
         <run_address>0x47d6</run_address>
         <size>0x2c</size>
         <input_file_ref idref="fl-50"/>
      </object_component>
      <object_component id="oc-5e9">
         <name>.text</name>
         <load_address>0x4802</load_address>
         <run_address>0x4802</run_address>
         <size>0x2c</size>
         <input_file_ref idref="fl-49"/>
      </object_component>
      <object_component id="oc-595">
         <name>.text:PacketTimedOut</name>
         <load_address>0x482e</load_address>
         <run_address>0x482e</run_address>
         <size>0x28</size>
         <input_file_ref idref="fl-3"/>
      </object_component>
      <object_component id="oc-845">
         <name>.text:__mspabi_fixdi</name>
         <load_address>0x4856</load_address>
         <run_address>0x4856</run_address>
         <size>0x28</size>
         <input_file_ref idref="fl-6a"/>
      </object_component>
      <object_component id="oc-714">
         <name>.text:memccpy</name>
         <load_address>0x487e</load_address>
         <run_address>0x487e</run_address>
         <size>0x26</size>
         <input_file_ref idref="fl-80"/>
      </object_component>
      <object_component id="oc-622">
         <name>.text:NAKReceived</name>
         <load_address>0x48a4</load_address>
         <run_address>0x48a4</run_address>
         <size>0x24</size>
         <input_file_ref idref="fl-3"/>
      </object_component>
      <object_component id="oc-3ea">
         <name>.text:decompress:ZI:__TI_zero_init_nomemset:__TI_zero_init_nomemset</name>
         <load_address>0x48c8</load_address>
         <run_address>0x48c8</run_address>
         <size>0x24</size>
         <input_file_ref idref="fl-46"/>
      </object_component>
      <object_component id="oc-8a8">
         <name>.text</name>
         <load_address>0x48ec</load_address>
         <run_address>0x48ec</run_address>
         <size>0x24</size>
         <input_file_ref idref="fl-4d"/>
      </object_component>
      <object_component id="oc-455">
         <name>.text:RequestGasReading</name>
         <load_address>0x4910</load_address>
         <run_address>0x4910</run_address>
         <size>0x22</size>
         <input_file_ref idref="fl-2"/>
      </object_component>
      <object_component id="oc-4c0">
         <name>.text:active_all</name>
         <load_address>0x4932</load_address>
         <run_address>0x4932</run_address>
         <size>0x22</size>
         <input_file_ref idref="fl-2"/>
      </object_component>
      <object_component id="oc-5d6">
         <name>.text:_outc</name>
         <load_address>0x4954</load_address>
         <run_address>0x4954</run_address>
         <size>0x20</size>
         <input_file_ref idref="fl-61"/>
      </object_component>
      <object_component id="oc-873">
         <name>.text:strchr</name>
         <load_address>0x4974</load_address>
         <run_address>0x4974</run_address>
         <size>0x1c</size>
         <input_file_ref idref="fl-82"/>
      </object_component>
      <object_component id="oc-561">
         <name>.text:clockConfigure</name>
         <load_address>0x4990</load_address>
         <run_address>0x4990</run_address>
         <size>0x1a</size>
         <input_file_ref idref="fl-2"/>
      </object_component>
      <object_component id="oc-603">
         <name>.text:p2pTxData</name>
         <load_address>0x49aa</load_address>
         <run_address>0x49aa</run_address>
         <size>0x1a</size>
         <input_file_ref idref="fl-5"/>
      </object_component>
      <object_component id="oc-64c">
         <name>.text</name>
         <load_address>0x49c4</load_address>
         <run_address>0x49c4</run_address>
         <size>0x18</size>
         <input_file_ref idref="fl-4c"/>
      </object_component>
      <object_component id="oc-4de">
         <name>.text:delay_ms</name>
         <load_address>0x49dc</load_address>
         <run_address>0x49dc</run_address>
         <size>0x16</size>
         <input_file_ref idref="fl-7"/>
      </object_component>
      <object_component id="oc-707">
         <name>.text:memset</name>
         <load_address>0x49f2</load_address>
         <run_address>0x49f2</run_address>
         <size>0x16</size>
         <input_file_ref idref="fl-81"/>
      </object_component>
      <object_component id="oc-673">
         <name>.text</name>
         <load_address>0x4a08</load_address>
         <run_address>0x4a08</run_address>
         <size>0x16</size>
         <input_file_ref idref="fl-4a"/>
      </object_component>
      <object_component id="oc-732">
         <name>.text:wcslen</name>
         <load_address>0x4a1e</load_address>
         <run_address>0x4a1e</run_address>
         <size>0x16</size>
         <input_file_ref idref="fl-85"/>
      </object_component>
      <object_component id="oc-57f">
         <name>.text:Timer1_A_Setup</name>
         <load_address>0x4a34</load_address>
         <run_address>0x4a34</run_address>
         <size>0x14</size>
         <input_file_ref idref="fl-2"/>
      </object_component>
      <object_component id="oc-579">
         <name>.text:Timer_Init</name>
         <load_address>0x4a48</load_address>
         <run_address>0x4a48</run_address>
         <size>0x14</size>
         <input_file_ref idref="fl-2"/>
      </object_component>
      <object_component id="oc-3c0">
         <name>.text:memcpy</name>
         <load_address>0x4a5c</load_address>
         <run_address>0x4a5c</run_address>
         <size>0x14</size>
         <input_file_ref idref="fl-60"/>
      </object_component>
      <object_component id="oc-43d">
         <name>.text:UART_sendString</name>
         <load_address>0x4a70</load_address>
         <run_address>0x4a70</run_address>
         <size>0x12</size>
         <input_file_ref idref="fl-6"/>
      </object_component>
      <object_component id="oc-7c">
         <name>.text:decompress:none:__TI_decompress_none</name>
         <load_address>0x4a82</load_address>
         <run_address>0x4a82</run_address>
         <size>0x12</size>
         <input_file_ref idref="fl-2f"/>
      </object_component>
      <object_component id="oc-782">
         <name>.text:toupper</name>
         <load_address>0x4a94</load_address>
         <run_address>0x4a94</run_address>
         <size>0x12</size>
         <input_file_ref idref="fl-84"/>
      </object_component>
      <object_component id="oc-5f7">
         <name>.text:l_lsr</name>
         <load_address>0x4aa6</load_address>
         <run_address>0x4aa6</run_address>
         <size>0x10</size>
         <input_file_ref idref="fl-53"/>
      </object_component>
      <object_component id="oc-492">
         <name>.text:UART_sendChar</name>
         <load_address>0x4ab6</load_address>
         <run_address>0x4ab6</run_address>
         <size>0xe</size>
         <input_file_ref idref="fl-6"/>
      </object_component>
      <object_component id="oc-4c6">
         <name>.text:Watchdog_Init</name>
         <load_address>0x4ac4</load_address>
         <run_address>0x4ac4</run_address>
         <size>0xe</size>
         <input_file_ref idref="fl-2"/>
      </object_component>
      <object_component id="oc-573">
         <name>.text:initREDLED</name>
         <load_address>0x4ad2</load_address>
         <run_address>0x4ad2</run_address>
         <size>0xe</size>
         <input_file_ref idref="fl-7"/>
      </object_component>
      <object_component id="oc-686">
         <name>.text:p2pTxByte</name>
         <load_address>0x4ae0</load_address>
         <run_address>0x4ae0</run_address>
         <size>0xe</size>
         <input_file_ref idref="fl-5"/>
      </object_component>
      <object_component id="oc-6ab">
         <name>.text:strlen</name>
         <load_address>0x4aee</load_address>
         <run_address>0x4aee</run_address>
         <size>0xe</size>
         <input_file_ref idref="fl-83"/>
      </object_component>
      <object_component id="oc-879">
         <name>.text:__mspabi_fltid</name>
         <load_address>0x4afc</load_address>
         <run_address>0x4afc</run_address>
         <size>0xc</size>
         <input_file_ref idref="fl-6c"/>
      </object_component>
      <object_component id="oc-609">
         <name>.text:PacketSent</name>
         <load_address>0x4b08</load_address>
         <run_address>0x4b08</run_address>
         <size>0xa</size>
         <input_file_ref idref="fl-3"/>
      </object_component>
      <object_component id="oc-84c">
         <name>.text:abs</name>
         <load_address>0x4b12</load_address>
         <run_address>0x4b12</run_address>
         <size>0xa</size>
         <input_file_ref idref="fl-79"/>
      </object_component>
      <object_component id="oc-56d">
         <name>.text:initGLED</name>
         <load_address>0x4b1c</load_address>
         <run_address>0x4b1c</run_address>
         <size>0xa</size>
         <input_file_ref idref="fl-7"/>
      </object_component>
      <object_component id="oc-5fd">
         <name>.text:UpdateChecksum</name>
         <load_address>0x4b26</load_address>
         <run_address>0x4b26</run_address>
         <size>0x8</size>
         <input_file_ref idref="fl-3"/>
      </object_component>
      <object_component id="oc-4d2">
         <name>.text:Watchdog_Refresh</name>
         <load_address>0x4b2e</load_address>
         <run_address>0x4b2e</run_address>
         <size>0x8</size>
         <input_file_ref idref="fl-2"/>
      </object_component>
      <object_component id="oc-4e5">
         <name>.text:abort</name>
         <load_address>0x4b36</load_address>
         <run_address>0x4b36</run_address>
         <size>0x6</size>
         <input_file_ref idref="fl-5d"/>
      </object_component>
      <object_component id="oc-465">
         <name>.text:_system_pre_init</name>
         <load_address>0x4b3c</load_address>
         <run_address>0x4b3c</run_address>
         <size>0x4</size>
         <input_file_ref idref="fl-5a"/>
      </object_component>
      <object_component id="oc-5af">
         <name>.text:_system_post_cinit</name>
         <load_address>0x4b40</load_address>
         <run_address>0x4b40</run_address>
         <size>0x2</size>
         <input_file_ref idref="fl-59"/>
      </object_component>
      <object_component id="oc-892">
         <name>.text:__mspabi_addd</name>
         <load_address>0x10000</load_address>
         <run_address>0x10000</run_address>
         <size>0x72a</size>
         <input_file_ref idref="fl-77"/>
      </object_component>
      <object_component id="oc-85e">
         <name>.text:__TI_frcdivd</name>
         <load_address>0x1072a</load_address>
         <run_address>0x1072a</run_address>
         <size>0x468</size>
         <input_file_ref idref="fl-66"/>
      </object_component>
      <object_component id="oc-7bc">
         <name>.text:__mspabi_divull</name>
         <load_address>0x10b92</load_address>
         <run_address>0x10b92</run_address>
         <size>0x34e</size>
         <input_file_ref idref="fl-69"/>
      </object_component>
      <object_component id="oc-666">
         <name>.text:__TI_printfi:__TI_printfi</name>
         <load_address>0x10ee0</load_address>
         <run_address>0x10ee0</run_address>
         <size>0x2a6</size>
         <input_file_ref idref="fl-62"/>
      </object_component>
      <object_component id="oc-7fa">
         <name>.text:__mspabi_mpyd</name>
         <load_address>0x11186</load_address>
         <run_address>0x11186</run_address>
         <size>0x292</size>
         <input_file_ref idref="fl-6e"/>
      </object_component>
      <object_component id="oc-6e3">
         <name>.text:__TI_printfi:_setfield___TI_printfi</name>
         <load_address>0x11418</load_address>
         <run_address>0x11418</run_address>
         <size>0x27a</size>
         <input_file_ref idref="fl-62"/>
      </object_component>
      <object_component id="oc-743">
         <name>.text:_pproc_fgea</name>
         <load_address>0x11692</load_address>
         <run_address>0x11692</run_address>
         <size>0x268</size>
         <input_file_ref idref="fl-62"/>
      </object_component>
      <object_component id="oc-589">
         <name>.text:CharReceived</name>
         <load_address>0x118fa</load_address>
         <run_address>0x118fa</run_address>
         <size>0x226</size>
         <input_file_ref idref="fl-3"/>
      </object_component>
      <object_component id="oc-80d">
         <name>.text:acvt</name>
         <load_address>0x11b20</load_address>
         <run_address>0x11b20</run_address>
         <size>0x224</size>
         <input_file_ref idref="fl-62"/>
      </object_component>
      <object_component id="oc-800">
         <name>.text:__mspabi_divd</name>
         <load_address>0x11d44</load_address>
         <run_address>0x11d44</run_address>
         <size>0x21c</size>
         <input_file_ref idref="fl-65"/>
      </object_component>
      <object_component id="oc-775">
         <name>.text:__TI_printfi:_getarg_diouxp___TI_printfi</name>
         <load_address>0x11f60</load_address>
         <run_address>0x11f60</run_address>
         <size>0x206</size>
         <input_file_ref idref="fl-62"/>
      </object_component>
      <object_component id="oc-7da">
         <name>.text:ecvt</name>
         <load_address>0x12166</load_address>
         <run_address>0x12166</run_address>
         <size>0x1e6</size>
         <input_file_ref idref="fl-62"/>
      </object_component>
      <object_component id="oc-557">
         <name>.text:SendDynamentPacket</name>
         <load_address>0x1234c</load_address>
         <run_address>0x1234c</run_address>
         <size>0x1d2</size>
         <input_file_ref idref="fl-3"/>
      </object_component>
      <object_component id="oc-7ed">
         <name>.text:fcvt</name>
         <load_address>0x1251e</load_address>
         <run_address>0x1251e</run_address>
         <size>0x1c8</size>
         <input_file_ref idref="fl-62"/>
      </object_component>
      <object_component id="oc-79a">
         <name>.text:_pconv_e</name>
         <load_address>0x126e6</load_address>
         <run_address>0x126e6</run_address>
         <size>0x1a2</size>
         <input_file_ref idref="fl-62"/>
      </object_component>
      <object_component id="oc-7a0">
         <name>.text:_pconv_a</name>
         <load_address>0x12888</load_address>
         <run_address>0x12888</run_address>
         <size>0x170</size>
         <input_file_ref idref="fl-62"/>
      </object_component>
      <object_component id="oc-856">
         <name>.text:__TI_frcmpyd</name>
         <load_address>0x129f8</load_address>
         <run_address>0x129f8</run_address>
         <size>0x164</size>
         <input_file_ref idref="fl-6f"/>
      </object_component>
      <object_component id="oc-86d">
         <name>.text:scalbn</name>
         <load_address>0x12b5c</load_address>
         <run_address>0x12b5c</run_address>
         <size>0x15a</size>
         <input_file_ref idref="fl-7e"/>
      </object_component>
      <object_component id="oc-73d">
         <name>.text:__TI_printfi:_pproc_diouxp___TI_printfi</name>
         <load_address>0x12cb6</load_address>
         <run_address>0x12cb6</run_address>
         <size>0x148</size>
         <input_file_ref idref="fl-62"/>
      </object_component>
      <object_component id="oc-77b">
         <name>.text:__TI_printfi:_ltostr___TI_printfi</name>
         <load_address>0x12dfe</load_address>
         <run_address>0x12dfe</run_address>
         <size>0x128</size>
         <input_file_ref idref="fl-62"/>
      </object_component>
      <object_component id="oc-690">
         <name>.text:ReadLiveData2Response</name>
         <load_address>0x12f26</load_address>
         <run_address>0x12f26</run_address>
         <size>0x11c</size>
         <input_file_ref idref="fl-3"/>
      </object_component>
      <object_component id="oc-78e">
         <name>.text:_pconv_g</name>
         <load_address>0x13042</load_address>
         <run_address>0x13042</run_address>
         <size>0xfc</size>
         <input_file_ref idref="fl-62"/>
      </object_component>
      <object_component id="oc-6dd">
         <name>.text:__TI_printfi:_pproc_fwp___TI_printfi</name>
         <load_address>0x1313e</load_address>
         <run_address>0x1313e</run_address>
         <size>0xea</size>
         <input_file_ref idref="fl-62"/>
      </object_component>
      <object_component id="oc-7a6">
         <name>.text:__mspabi_cmpd</name>
         <load_address>0x13228</load_address>
         <run_address>0x13228</run_address>
         <size>0xd8</size>
         <input_file_ref idref="fl-64"/>
      </object_component>
      <object_component id="oc-6ef">
         <name>.text:__TI_printfi:_pproc_wstr___TI_printfi</name>
         <load_address>0x13300</load_address>
         <run_address>0x13300</run_address>
         <size>0xc8</size>
         <input_file_ref idref="fl-62"/>
      </object_component>
      <object_component id="oc-696">
         <name>.text:ReadLiveDataResponse</name>
         <load_address>0x133c8</load_address>
         <run_address>0x133c8</run_address>
         <size>0xa6</size>
         <input_file_ref idref="fl-3"/>
      </object_component>
      <object_component id="oc-6e9">
         <name>.text:__TI_printfi:_pproc_str___TI_printfi</name>
         <load_address>0x1346e</load_address>
         <run_address>0x1346e</run_address>
         <size>0xa6</size>
         <input_file_ref idref="fl-62"/>
      </object_component>
      <object_component id="oc-807">
         <name>.text:frexp</name>
         <load_address>0x13514</load_address>
         <run_address>0x13514</run_address>
         <size>0xa6</size>
         <input_file_ref idref="fl-7d"/>
      </object_component>
      <object_component id="oc-839">
         <name>.text:__mspabi_fltlid</name>
         <load_address>0x135ba</load_address>
         <run_address>0x135ba</run_address>
         <size>0x9e</size>
         <input_file_ref idref="fl-6d"/>
      </object_component>
      <object_component id="oc-4b0">
         <name>.text:DualReadingReceived</name>
         <load_address>0x13658</load_address>
         <run_address>0x13658</run_address>
         <size>0x94</size>
         <input_file_ref idref="fl-2"/>
      </object_component>
      <object_component id="oc-7e0">
         <name>.text:_ecpy</name>
         <load_address>0x136ec</load_address>
         <run_address>0x136ec</run_address>
         <size>0x90</size>
         <input_file_ref idref="fl-62"/>
      </object_component>
      <object_component id="oc-7e6">
         <name>.text:_mcpy</name>
         <load_address>0x1377c</load_address>
         <run_address>0x1377c</run_address>
         <size>0x90</size>
         <input_file_ref idref="fl-62"/>
      </object_component>
      <object_component id="oc-61c">
         <name>.text:ProcessReceivedPacket</name>
         <load_address>0x1380c</load_address>
         <run_address>0x1380c</run_address>
         <size>0x84</size>
         <input_file_ref idref="fl-3"/>
      </object_component>
      <object_component id="oc-567">
         <name>.text:uart_init</name>
         <load_address>0x13890</load_address>
         <run_address>0x13890</run_address>
         <size>0x82</size>
         <input_file_ref idref="fl-7"/>
      </object_component>
      <object_component id="oc-833">
         <name>.text:__TI_ltoa</name>
         <load_address>0x13912</load_address>
         <run_address>0x13912</run_address>
         <size>0x80</size>
         <input_file_ref idref="fl-63"/>
      </object_component>
      <object_component id="oc-543">
         <name>.text:printInt</name>
         <load_address>0x13992</load_address>
         <run_address>0x13992</run_address>
         <size>0x80</size>
         <input_file_ref idref="fl-6"/>
      </object_component>
      <object_component id="oc-794">
         <name>.text:_pconv_f</name>
         <load_address>0x13a12</load_address>
         <run_address>0x13a12</run_address>
         <size>0x78</size>
         <input_file_ref idref="fl-62"/>
      </object_component>
      <object_component id="oc-76">
         <name>.text:decompress:lzss:__TI_decompress_lzss</name>
         <load_address>0x13a8a</load_address>
         <run_address>0x13a8a</run_address>
         <size>0x76</size>
         <input_file_ref idref="fl-2e"/>
      </object_component>
      <object_component id="oc-4d8">
         <name>.text:DynamentCommsHandler</name>
         <load_address>0x13b00</load_address>
         <run_address>0x13b00</run_address>
         <size>0x6a</size>
         <input_file_ref idref="fl-3"/>
      </object_component>
      <object_component id="oc-82d">
         <name>.text:__mspabi_fixdli</name>
         <load_address>0x13b6a</load_address>
         <run_address>0x13b6a</run_address>
         <size>0x66</size>
         <input_file_ref idref="fl-6b"/>
      </object_component>
      <object_component id="oc-5ef">
         <name>.text:__mspabi_cvtfd</name>
         <load_address>0x13bd0</load_address>
         <run_address>0x13bd0</run_address>
         <size>0x64</size>
         <input_file_ref idref="fl-48"/>
      </object_component>
      <object_component id="oc-723">
         <name>.text:atoi</name>
         <load_address>0x13c34</load_address>
         <run_address>0x13c34</run_address>
         <size>0x62</size>
         <input_file_ref idref="fl-7a"/>
      </object_component>
      <object_component id="oc-53d">
         <name>.text:snprintf</name>
         <load_address>0x13c96</load_address>
         <run_address>0x13c96</run_address>
         <size>0x62</size>
         <input_file_ref idref="fl-61"/>
      </object_component>
      <object_component id="oc-89b">
         <name>.text:__mpyll</name>
         <load_address>0x13cf8</load_address>
         <run_address>0x13cf8</run_address>
         <size>0x5c</size>
         <input_file_ref idref="fl-4e"/>
      </object_component>
      <object_component id="oc-7c2">
         <name>.text</name>
         <load_address>0x13d54</load_address>
         <run_address>0x13d54</run_address>
         <size>0x58</size>
         <input_file_ref idref="fl-68"/>
      </object_component>
      <object_component id="oc-443">
         <name>.text:UART_sendHex</name>
         <load_address>0x13dac</load_address>
         <run_address>0x13dac</run_address>
         <size>0x56</size>
         <input_file_ref idref="fl-6"/>
      </object_component>
      <object_component id="oc-509">
         <name>.text:__TI_auto_init_nobinit_nopinit_hold_wdt:__TI_auto_init_nobinit_nopinit_hold_wdt</name>
         <load_address>0x13e02</load_address>
         <run_address>0x13e02</run_address>
         <size>0x54</size>
         <input_file_ref idref="fl-58"/>
      </object_component>
      <object_component id="oc-58f">
         <name>.text:p2pRxByte</name>
         <load_address>0x13e56</load_address>
         <run_address>0x13e56</run_address>
         <size>0x54</size>
         <input_file_ref idref="fl-5"/>
      </object_component>
      <object_component id="oc-7f3">
         <name>.text:_fcpy</name>
         <load_address>0x13eaa</load_address>
         <run_address>0x13eaa</run_address>
         <size>0x4e</size>
         <input_file_ref idref="fl-62"/>
      </object_component>
      <object_component id="oc-6ff">
         <name>.text</name>
         <load_address>0x13ef8</load_address>
         <run_address>0x13ef8</run_address>
         <size>0x4a</size>
         <input_file_ref idref="fl-47"/>
      </object_component>
      <object_component id="oc-4cc">
         <name>.text:Reset</name>
         <load_address>0x13f42</load_address>
         <run_address>0x13f42</run_address>
         <size>0x42</size>
         <input_file_ref idref="fl-3"/>
      </object_component>
      <object_component id="oc-8c9">
         <name>.text:__mspabi_srall</name>
         <load_address>0x13f84</load_address>
         <run_address>0x13f84</run_address>
         <size>0x40</size>
         <input_file_ref idref="fl-78"/>
      </object_component>
      <object_component id="oc-551">
         <name>.text:UART_sendPointer</name>
         <load_address>0x13fc4</load_address>
         <run_address>0x13fc4</run_address>
         <size>0x34</size>
         <input_file_ref idref="fl-6"/>
      </object_component>
      <object_component id="oc-61b">
         <name>.common:rxBuffer</name>
         <uninitialized>true</uninitialized>
         <run_address>0x1c00</run_address>
         <size>0x12c</size>
      </object_component>
      <object_component id="oc-449">
         <name>.common:RX_Buffer</name>
         <uninitialized>true</uninitialized>
         <run_address>0x1d30</run_address>
         <size>0x100</size>
      </object_component>
      <object_component id="oc-452">
         <name>.data</name>
         <load_address>0x1e5c</load_address>
         <run_address>0x1e5c</run_address>
         <size>0x3</size>
         <input_file_ref idref="fl-2"/>
      </object_component>
      <object_component id="oc-55d">
         <name>.data</name>
         <load_address>0x1e30</load_address>
         <run_address>0x1e30</run_address>
         <size>0x1e</size>
         <input_file_ref idref="fl-3"/>
      </object_component>
      <object_component id="oc-438">
         <name>.data</name>
         <load_address>0x1e4e</load_address>
         <run_address>0x1e4e</run_address>
         <size>0xe</size>
         <input_file_ref idref="fl-5"/>
      </object_component>
      <object_component id="oc-738">
         <name>.data</name>
         <load_address>0x1e60</load_address>
         <run_address>0x1e60</run_address>
         <size>0x2</size>
         <input_file_ref idref="fl-7c"/>
      </object_component>
      <object_component id="oc-3b1">
         <name>.stack</name>
         <uninitialized>true</uninitialized>
         <run_address>0x2360</run_address>
         <size>0x4</size>
         <input_file_ref idref="fl-55"/>
      </object_component>
      <object_component id="oc-953">
         <name>.stack</name>
         <uninitialized>true</uninitialized>
         <run_address>0x2360</run_address>
         <size>0x0</size>
      </object_component>
      <object_component id="oc-82">
         <name>.int30</name>
         <load_address>0xffcc</load_address>
         <run_address>0xffcc</run_address>
         <size>0x2</size>
         <input_file_ref idref="fl-30"/>
      </object_component>
      <object_component id="oc-83">
         <name>.int31</name>
         <load_address>0xffce</load_address>
         <run_address>0xffce</run_address>
         <size>0x2</size>
         <input_file_ref idref="fl-32"/>
      </object_component>
      <object_component id="oc-84">
         <name>.int32</name>
         <load_address>0xffd0</load_address>
         <run_address>0xffd0</run_address>
         <size>0x2</size>
         <input_file_ref idref="fl-33"/>
      </object_component>
      <object_component id="oc-85">
         <name>.int33</name>
         <load_address>0xffd2</load_address>
         <run_address>0xffd2</run_address>
         <size>0x2</size>
         <input_file_ref idref="fl-34"/>
      </object_component>
      <object_component id="oc-86">
         <name>.int34</name>
         <load_address>0xffd4</load_address>
         <run_address>0xffd4</run_address>
         <size>0x2</size>
         <input_file_ref idref="fl-35"/>
      </object_component>
      <object_component id="oc-87">
         <name>.int35</name>
         <load_address>0xffd6</load_address>
         <run_address>0xffd6</run_address>
         <size>0x2</size>
         <input_file_ref idref="fl-36"/>
      </object_component>
      <object_component id="oc-88">
         <name>.int36</name>
         <load_address>0xffd8</load_address>
         <run_address>0xffd8</run_address>
         <size>0x2</size>
         <input_file_ref idref="fl-37"/>
      </object_component>
      <object_component id="oc-89">
         <name>.int37</name>
         <load_address>0xffda</load_address>
         <run_address>0xffda</run_address>
         <size>0x2</size>
         <input_file_ref idref="fl-38"/>
      </object_component>
      <object_component id="oc-8a">
         <name>.int38</name>
         <load_address>0xffdc</load_address>
         <run_address>0xffdc</run_address>
         <size>0x2</size>
         <input_file_ref idref="fl-39"/>
      </object_component>
      <object_component id="oc-8b">
         <name>.int39</name>
         <load_address>0xffde</load_address>
         <run_address>0xffde</run_address>
         <size>0x2</size>
         <input_file_ref idref="fl-3a"/>
      </object_component>
      <object_component id="oc-8c">
         <name>.int40</name>
         <load_address>0xffe0</load_address>
         <run_address>0xffe0</run_address>
         <size>0x2</size>
         <input_file_ref idref="fl-3b"/>
      </object_component>
      <object_component id="oc-8d">
         <name>.int41</name>
         <load_address>0xffe2</load_address>
         <run_address>0xffe2</run_address>
         <size>0x2</size>
         <input_file_ref idref="fl-5"/>
      </object_component>
      <object_component id="oc-8e">
         <name>.int42</name>
         <load_address>0xffe4</load_address>
         <run_address>0xffe4</run_address>
         <size>0x2</size>
         <input_file_ref idref="fl-3c"/>
      </object_component>
      <object_component id="oc-8f">
         <name>.int43</name>
         <load_address>0xffe6</load_address>
         <run_address>0xffe6</run_address>
         <size>0x2</size>
         <input_file_ref idref="fl-5"/>
      </object_component>
      <object_component id="oc-90">
         <name>.int44</name>
         <load_address>0xffe8</load_address>
         <run_address>0xffe8</run_address>
         <size>0x2</size>
         <input_file_ref idref="fl-3d"/>
      </object_component>
      <object_component id="oc-91">
         <name>.int45</name>
         <load_address>0xffea</load_address>
         <run_address>0xffea</run_address>
         <size>0x2</size>
         <input_file_ref idref="fl-2"/>
      </object_component>
      <object_component id="oc-92">
         <name>.int46</name>
         <load_address>0xffec</load_address>
         <run_address>0xffec</run_address>
         <size>0x2</size>
         <input_file_ref idref="fl-3e"/>
      </object_component>
      <object_component id="oc-93">
         <name>.int47</name>
         <load_address>0xffee</load_address>
         <run_address>0xffee</run_address>
         <size>0x2</size>
         <input_file_ref idref="fl-3f"/>
      </object_component>
      <object_component id="oc-94">
         <name>.int48</name>
         <load_address>0xfff0</load_address>
         <run_address>0xfff0</run_address>
         <size>0x2</size>
         <input_file_ref idref="fl-40"/>
      </object_component>
      <object_component id="oc-95">
         <name>.int49</name>
         <load_address>0xfff2</load_address>
         <run_address>0xfff2</run_address>
         <size>0x2</size>
         <input_file_ref idref="fl-2"/>
      </object_component>
      <object_component id="oc-96">
         <name>.int50</name>
         <load_address>0xfff4</load_address>
         <run_address>0xfff4</run_address>
         <size>0x2</size>
         <input_file_ref idref="fl-41"/>
      </object_component>
      <object_component id="oc-97">
         <name>.int51</name>
         <load_address>0xfff6</load_address>
         <run_address>0xfff6</run_address>
         <size>0x2</size>
         <input_file_ref idref="fl-42"/>
      </object_component>
      <object_component id="oc-98">
         <name>.int52</name>
         <load_address>0xfff8</load_address>
         <run_address>0xfff8</run_address>
         <size>0x2</size>
         <input_file_ref idref="fl-43"/>
      </object_component>
      <object_component id="oc-99">
         <name>.int53</name>
         <load_address>0xfffa</load_address>
         <run_address>0xfffa</run_address>
         <size>0x2</size>
         <input_file_ref idref="fl-44"/>
      </object_component>
      <object_component id="oc-9a">
         <name>.int54</name>
         <load_address>0xfffc</load_address>
         <run_address>0xfffc</run_address>
         <size>0x2</size>
         <input_file_ref idref="fl-45"/>
      </object_component>
      <object_component id="oc-3b4">
         <name>.reset</name>
         <load_address>0xfffe</load_address>
         <run_address>0xfffe</run_address>
         <size>0x2</size>
         <input_file_ref idref="fl-55"/>
      </object_component>
      <object_component id="oc-4ae">
         <name>.debug_info</name>
         <load_address>0x0</load_address>
         <run_address>0x0</run_address>
         <size>0x5b5</size>
         <input_file_ref idref="fl-2"/>
      </object_component>
      <object_component id="oc-453">
         <name>.debug_info</name>
         <load_address>0x5b5</load_address>
         <run_address>0x5b5</run_address>
         <size>0x10c</size>
         <input_file_ref idref="fl-2"/>
      </object_component>
      <object_component id="oc-562">
         <name>.debug_info</name>
         <load_address>0x6c1</load_address>
         <run_address>0x6c1</run_address>
         <size>0x119</size>
         <input_file_ref idref="fl-2"/>
      </object_component>
      <object_component id="oc-57a">
         <name>.debug_info</name>
         <load_address>0x7da</load_address>
         <run_address>0x7da</run_address>
         <size>0x111</size>
         <input_file_ref idref="fl-2"/>
      </object_component>
      <object_component id="oc-580">
         <name>.debug_info</name>
         <load_address>0x8eb</load_address>
         <run_address>0x8eb</run_address>
         <size>0x119</size>
         <input_file_ref idref="fl-2"/>
      </object_component>
      <object_component id="oc-4c1">
         <name>.debug_info</name>
         <load_address>0xa04</load_address>
         <run_address>0xa04</run_address>
         <size>0x192</size>
         <input_file_ref idref="fl-2"/>
      </object_component>
      <object_component id="oc-4c7">
         <name>.debug_info</name>
         <load_address>0xb96</load_address>
         <run_address>0xb96</run_address>
         <size>0x117</size>
         <input_file_ref idref="fl-2"/>
      </object_component>
      <object_component id="oc-4d3">
         <name>.debug_info</name>
         <load_address>0xcad</load_address>
         <run_address>0xcad</run_address>
         <size>0x11d</size>
         <input_file_ref idref="fl-2"/>
      </object_component>
      <object_component id="oc-46c">
         <name>.debug_info</name>
         <load_address>0xdca</load_address>
         <run_address>0xdca</run_address>
         <size>0x186</size>
         <input_file_ref idref="fl-2"/>
      </object_component>
      <object_component id="oc-3e5">
         <name>.debug_info</name>
         <load_address>0xf50</load_address>
         <run_address>0xf50</run_address>
         <size>0x10c</size>
         <input_file_ref idref="fl-2"/>
      </object_component>
      <object_component id="oc-456">
         <name>.debug_info</name>
         <load_address>0x105c</load_address>
         <run_address>0x105c</run_address>
         <size>0x178</size>
         <input_file_ref idref="fl-2"/>
      </object_component>
      <object_component id="oc-3df">
         <name>.debug_info</name>
         <load_address>0x11d4</load_address>
         <run_address>0x11d4</run_address>
         <size>0x131</size>
         <input_file_ref idref="fl-2"/>
      </object_component>
      <object_component id="oc-4b1">
         <name>.debug_info</name>
         <load_address>0x1305</load_address>
         <run_address>0x1305</run_address>
         <size>0x2d2</size>
         <input_file_ref idref="fl-2"/>
      </object_component>
      <object_component id="oc-4a2">
         <name>.debug_info</name>
         <load_address>0x15d7</load_address>
         <run_address>0x15d7</run_address>
         <size>0x26b</size>
         <input_file_ref idref="fl-2"/>
      </object_component>
      <object_component id="oc-49d">
         <name>.debug_info</name>
         <load_address>0x1842</load_address>
         <run_address>0x1842</run_address>
         <size>0x8b</size>
         <input_file_ref idref="fl-2"/>
      </object_component>
      <object_component id="oc-538">
         <name>.debug_info</name>
         <load_address>0x18cd</load_address>
         <run_address>0x18cd</run_address>
         <size>0x2c</size>
         <input_file_ref idref="fl-2"/>
      </object_component>
      <object_component id="oc-533">
         <name>.debug_info</name>
         <load_address>0x18f9</load_address>
         <run_address>0x18f9</run_address>
         <size>0x2c</size>
         <input_file_ref idref="fl-2"/>
      </object_component>
      <object_component id="oc-4a7">
         <name>.debug_info</name>
         <load_address>0x1925</load_address>
         <run_address>0x1925</run_address>
         <size>0x282</size>
         <input_file_ref idref="fl-2"/>
      </object_component>
      <object_component id="oc-44d">
         <name>.debug_info</name>
         <load_address>0x1ba7</load_address>
         <run_address>0x1ba7</run_address>
         <size>0xbb</size>
         <input_file_ref idref="fl-2"/>
      </object_component>
      <object_component id="oc-527">
         <name>.debug_info</name>
         <load_address>0x1c62</load_address>
         <run_address>0x1c62</run_address>
         <size>0xd9</size>
         <input_file_ref idref="fl-2"/>
      </object_component>
      <object_component id="oc-66e">
         <name>.debug_info</name>
         <load_address>0x1d3b</load_address>
         <run_address>0x1d3b</run_address>
         <size>0x2c</size>
         <input_file_ref idref="fl-2"/>
      </object_component>
      <object_component id="oc-52e">
         <name>.debug_info</name>
         <load_address>0x1d67</load_address>
         <run_address>0x1d67</run_address>
         <size>0x35</size>
         <input_file_ref idref="fl-2"/>
      </object_component>
      <object_component id="oc-610">
         <name>.debug_info</name>
         <load_address>0x1d9c</load_address>
         <run_address>0x1d9c</run_address>
         <size>0x372</size>
         <input_file_ref idref="fl-3"/>
      </object_component>
      <object_component id="oc-55e">
         <name>.debug_info</name>
         <load_address>0x210e</load_address>
         <run_address>0x210e</run_address>
         <size>0x37c</size>
         <input_file_ref idref="fl-3"/>
      </object_component>
      <object_component id="oc-5fe">
         <name>.debug_info</name>
         <load_address>0x248a</load_address>
         <run_address>0x248a</run_address>
         <size>0x1c1</size>
         <input_file_ref idref="fl-3"/>
      </object_component>
      <object_component id="oc-4cd">
         <name>.debug_info</name>
         <load_address>0x264b</load_address>
         <run_address>0x264b</run_address>
         <size>0x12e</size>
         <input_file_ref idref="fl-3"/>
      </object_component>
      <object_component id="oc-60a">
         <name>.debug_info</name>
         <load_address>0x2779</load_address>
         <run_address>0x2779</run_address>
         <size>0x144</size>
         <input_file_ref idref="fl-3"/>
      </object_component>
      <object_component id="oc-558">
         <name>.debug_info</name>
         <load_address>0x28bd</load_address>
         <run_address>0x28bd</run_address>
         <size>0x3ac</size>
         <input_file_ref idref="fl-3"/>
      </object_component>
      <object_component id="oc-4b7">
         <name>.debug_info</name>
         <load_address>0x2c69</load_address>
         <run_address>0x2c69</run_address>
         <size>0x1a7</size>
         <input_file_ref idref="fl-3"/>
      </object_component>
      <object_component id="oc-697">
         <name>.debug_info</name>
         <load_address>0x2e10</load_address>
         <run_address>0x2e10</run_address>
         <size>0x226</size>
         <input_file_ref idref="fl-3"/>
      </object_component>
      <object_component id="oc-692">
         <name>.debug_info</name>
         <load_address>0x3036</load_address>
         <run_address>0x3036</run_address>
         <size>0x2d4</size>
         <input_file_ref idref="fl-3"/>
      </object_component>
      <object_component id="oc-61e">
         <name>.debug_info</name>
         <load_address>0x330a</load_address>
         <run_address>0x330a</run_address>
         <size>0x213</size>
         <input_file_ref idref="fl-3"/>
      </object_component>
      <object_component id="oc-596">
         <name>.debug_info</name>
         <load_address>0x351d</load_address>
         <run_address>0x351d</run_address>
         <size>0x156</size>
         <input_file_ref idref="fl-3"/>
      </object_component>
      <object_component id="oc-624">
         <name>.debug_info</name>
         <load_address>0x3673</load_address>
         <run_address>0x3673</run_address>
         <size>0x144</size>
         <input_file_ref idref="fl-3"/>
      </object_component>
      <object_component id="oc-58a">
         <name>.debug_info</name>
         <load_address>0x37b7</load_address>
         <run_address>0x37b7</run_address>
         <size>0x323</size>
         <input_file_ref idref="fl-3"/>
      </object_component>
      <object_component id="oc-4d9">
         <name>.debug_info</name>
         <load_address>0x3ada</load_address>
         <run_address>0x3ada</run_address>
         <size>0x22c</size>
         <input_file_ref idref="fl-3"/>
      </object_component>
      <object_component id="oc-44a">
         <name>.debug_info</name>
         <load_address>0x3d06</load_address>
         <run_address>0x3d06</run_address>
         <size>0x2b9</size>
         <input_file_ref idref="fl-5"/>
      </object_component>
      <object_component id="oc-439">
         <name>.debug_info</name>
         <load_address>0x3fbf</load_address>
         <run_address>0x3fbf</run_address>
         <size>0x1f7</size>
         <input_file_ref idref="fl-5"/>
      </object_component>
      <object_component id="oc-687">
         <name>.debug_info</name>
         <load_address>0x41b6</load_address>
         <run_address>0x41b6</run_address>
         <size>0x148</size>
         <input_file_ref idref="fl-5"/>
      </object_component>
      <object_component id="oc-604">
         <name>.debug_info</name>
         <load_address>0x42fe</load_address>
         <run_address>0x42fe</run_address>
         <size>0x185</size>
         <input_file_ref idref="fl-5"/>
      </object_component>
      <object_component id="oc-590">
         <name>.debug_info</name>
         <load_address>0x4483</load_address>
         <run_address>0x4483</run_address>
         <size>0x1be</size>
         <input_file_ref idref="fl-5"/>
      </object_component>
      <object_component id="oc-3d9">
         <name>.debug_info</name>
         <load_address>0x4641</load_address>
         <run_address>0x4641</run_address>
         <size>0x1b0</size>
         <input_file_ref idref="fl-5"/>
      </object_component>
      <object_component id="oc-3d3">
         <name>.debug_info</name>
         <load_address>0x47f1</load_address>
         <run_address>0x47f1</run_address>
         <size>0x125</size>
         <input_file_ref idref="fl-5"/>
      </object_component>
      <object_component id="oc-499">
         <name>.debug_info</name>
         <load_address>0x4916</load_address>
         <run_address>0x4916</run_address>
         <size>0x24c</size>
         <input_file_ref idref="fl-6"/>
      </object_component>
      <object_component id="oc-493">
         <name>.debug_info</name>
         <load_address>0x4b62</load_address>
         <run_address>0x4b62</run_address>
         <size>0x148</size>
         <input_file_ref idref="fl-6"/>
      </object_component>
      <object_component id="oc-545">
         <name>.debug_info</name>
         <load_address>0x4caa</load_address>
         <run_address>0x4caa</run_address>
         <size>0x1de</size>
         <input_file_ref idref="fl-6"/>
      </object_component>
      <object_component id="oc-43f">
         <name>.debug_info</name>
         <load_address>0x4e88</load_address>
         <run_address>0x4e88</run_address>
         <size>0x168</size>
         <input_file_ref idref="fl-6"/>
      </object_component>
      <object_component id="oc-445">
         <name>.debug_info</name>
         <load_address>0x4ff0</load_address>
         <run_address>0x4ff0</run_address>
         <size>0x184</size>
         <input_file_ref idref="fl-6"/>
      </object_component>
      <object_component id="oc-553">
         <name>.debug_info</name>
         <load_address>0x5174</load_address>
         <run_address>0x5174</run_address>
         <size>0x1bc</size>
         <input_file_ref idref="fl-6"/>
      </object_component>
      <object_component id="oc-54a">
         <name>.debug_info</name>
         <load_address>0x5330</load_address>
         <run_address>0x5330</run_address>
         <size>0x19c</size>
         <input_file_ref idref="fl-6"/>
      </object_component>
      <object_component id="oc-3bb">
         <name>.debug_info</name>
         <load_address>0x54cc</load_address>
         <run_address>0x54cc</run_address>
         <size>0x84</size>
         <input_file_ref idref="fl-6"/>
      </object_component>
      <object_component id="oc-56a">
         <name>.debug_info</name>
         <load_address>0x5550</load_address>
         <run_address>0x5550</run_address>
         <size>0x199</size>
         <input_file_ref idref="fl-7"/>
      </object_component>
      <object_component id="oc-4e1">
         <name>.debug_info</name>
         <load_address>0x56e9</load_address>
         <run_address>0x56e9</run_address>
         <size>0x133</size>
         <input_file_ref idref="fl-7"/>
      </object_component>
      <object_component id="oc-575">
         <name>.debug_info</name>
         <load_address>0x581c</load_address>
         <run_address>0x581c</run_address>
         <size>0x11d</size>
         <input_file_ref idref="fl-7"/>
      </object_component>
      <object_component id="oc-56f">
         <name>.debug_info</name>
         <load_address>0x5939</load_address>
         <run_address>0x5939</run_address>
         <size>0x119</size>
         <input_file_ref idref="fl-7"/>
      </object_component>
      <object_component id="oc-42d">
         <name>.debug_info</name>
         <load_address>0x5a52</load_address>
         <run_address>0x5a52</run_address>
         <size>0x17b</size>
         <input_file_ref idref="fl-2e"/>
      </object_component>
      <object_component id="oc-7a">
         <name>.debug_info</name>
         <load_address>0x5bcd</load_address>
         <run_address>0x5bcd</run_address>
         <size>0x250</size>
         <input_file_ref idref="fl-2e"/>
      </object_component>
      <object_component id="oc-3b6">
         <name>.debug_info</name>
         <load_address>0x5e1d</load_address>
         <run_address>0x5e1d</run_address>
         <size>0x60</size>
         <input_file_ref idref="fl-2e"/>
      </object_component>
      <object_component id="oc-487">
         <name>.debug_info</name>
         <load_address>0x5e7d</load_address>
         <run_address>0x5e7d</run_address>
         <size>0x46</size>
         <input_file_ref idref="fl-2e"/>
      </object_component>
      <object_component id="oc-428">
         <name>.debug_info</name>
         <load_address>0x5ec3</load_address>
         <run_address>0x5ec3</run_address>
         <size>0x39</size>
         <input_file_ref idref="fl-2e"/>
      </object_component>
      <object_component id="oc-3cc">
         <name>.debug_info</name>
         <load_address>0x5efc</load_address>
         <run_address>0x5efc</run_address>
         <size>0x18f</size>
         <input_file_ref idref="fl-2f"/>
      </object_component>
      <object_component id="oc-7f">
         <name>.debug_info</name>
         <load_address>0x608b</load_address>
         <run_address>0x608b</run_address>
         <size>0x1d3</size>
         <input_file_ref idref="fl-2f"/>
      </object_component>
      <object_component id="oc-3c7">
         <name>.debug_info</name>
         <load_address>0x625e</load_address>
         <run_address>0x625e</run_address>
[...]
      </symbol>
      <symbol id="sm-5ef">
         <name>__TI_int33</name>
         <value>0xffd2</value>
         <object_component_ref idref="oc-85"/>
      </symbol>
      <symbol id="sm-5f2">
         <name>__TI_int34</name>
         <value>0xffd4</value>
         <object_component_ref idref="oc-86"/>
      </symbol>
      <symbol id="sm-5f5">
         <name>__TI_int35</name>
         <value>0xffd6</value>
         <object_component_ref idref="oc-87"/>
      </symbol>
      <symbol id="sm-5f8">
         <name>__TI_int36</name>
         <value>0xffd8</value>
         <object_component_ref idref="oc-88"/>
      </symbol>
      <symbol id="sm-5fb">
         <name>__TI_int37</name>
         <value>0xffda</value>
         <object_component_ref idref="oc-89"/>
      </symbol>
      <symbol id="sm-5fe">
         <name>__TI_int38</name>
         <value>0xffdc</value>
         <object_component_ref idref="oc-8a"/>
      </symbol>
      <symbol id="sm-601">
         <name>__TI_int39</name>
         <value>0xffde</value>
         <object_component_ref idref="oc-8b"/>
      </symbol>
      <symbol id="sm-604">
         <name>__TI_int40</name>
         <value>0xffe0</value>
         <object_component_ref idref="oc-8c"/>
      </symbol>
      <symbol id="sm-607">
         <name>__TI_int42</name>
         <value>0xffe4</value>
         <object_component_ref idref="oc-8e"/>
      </symbol>
      <symbol id="sm-60a">
         <name>__TI_int44</name>
         <value>0xffe8</value>
         <object_component_ref idref="oc-90"/>
      </symbol>
      <symbol id="sm-60d">
         <name>__TI_int46</name>
         <value>0xffec</value>
         <object_component_ref idref="oc-92"/>
      </symbol>
      <symbol id="sm-610">
         <name>__TI_int47</name>
         <value>0xffee</value>
         <object_component_ref idref="oc-93"/>
      </symbol>
      <symbol id="sm-613">
         <name>__TI_int48</name>
         <value>0xfff0</value>
         <object_component_ref idref="oc-94"/>
      </symbol>
      <symbol id="sm-616">
         <name>__TI_int50</name>
         <value>0xfff4</value>
         <object_component_ref idref="oc-96"/>
      </symbol>
      <symbol id="sm-619">
         <name>__TI_int51</name>
         <value>0xfff6</value>
         <object_component_ref idref="oc-97"/>
      </symbol>
      <symbol id="sm-61c">
         <name>__TI_int52</name>
         <value>0xfff8</value>
         <object_component_ref idref="oc-98"/>
      </symbol>
      <symbol id="sm-61f">
         <name>__TI_int53</name>
         <value>0xfffa</value>
         <object_component_ref idref="oc-99"/>
      </symbol>
      <symbol id="sm-622">
         <name>__TI_int54</name>
         <value>0xfffc</value>
         <object_component_ref idref="oc-9a"/>
      </symbol>
      <symbol id="sm-635">
         <name>__TI_zero_init_nomemset</name>
         <value>0x48c8</value>
         <object_component_ref idref="oc-3ea"/>
      </symbol>
      <symbol id="sm-645">
         <name>__mspabi_cmpf</name>
         <value>0x13ef8</value>
         <object_component_ref idref="oc-6ff"/>
      </symbol>
      <symbol id="sm-658">
         <name>__mspabi_cvtfd</name>
         <value>0x13bd0</value>
         <object_component_ref idref="oc-5ef"/>
      </symbol>
      <symbol id="sm-664">
         <name>__mspabi_remi</name>
         <value>0x4802</value>
         <object_component_ref idref="oc-5e9"/>
      </symbol>
      <symbol id="sm-665">
         <name>__mspabi_divi</name>
         <value>0x4802</value>
         <object_component_ref idref="oc-5e9"/>
      </symbol>
      <symbol id="sm-66f">
         <name>__mspabi_remu</name>
         <value>0x4a08</value>
         <object_component_ref idref="oc-673"/>
      </symbol>
      <symbol id="sm-670">
         <name>__mspabi_divu</name>
         <value>0x4a08</value>
         <object_component_ref idref="oc-673"/>
      </symbol>
      <symbol id="sm-679">
         <name>__mspabi_mpyi_f5hw</name>
         <value>0x49c4</value>
         <object_component_ref idref="oc-64c"/>
      </symbol>
      <symbol id="sm-681">
         <name>__mspabi_mpyl_f5hw</name>
         <value>0x48ec</value>
         <object_component_ref idref="oc-8a8"/>
      </symbol>
      <symbol id="sm-689">
         <name>__mspabi_mpyll_f5hw</name>
         <value>0x13cf8</value>
         <object_component_ref idref="oc-89b"/>
      </symbol>
      <symbol id="sm-692">
         <name>__mspabi_mpyull_f5hw</name>
         <value>0x47d6</value>
         <object_component_ref idref="oc-8a0"/>
      </symbol>
      <symbol id="sm-69a">
         <name>__mspabi_slll_9</name>
         <value>0x45aa</value>
         <object_component_ref idref="oc-6f9"/>
      </symbol>
      <symbol id="sm-69b">
         <name>__mspabi_slll_8</name>
         <value>0x45ae</value>
         <object_component_ref idref="oc-6f9"/>
      </symbol>
      <symbol id="sm-69c">
         <name>__mspabi_slll_7</name>
         <value>0x45b2</value>
         <object_component_ref idref="oc-6f9"/>
      </symbol>
      <symbol id="sm-69d">
         <name>__mspabi_slll_6</name>
         <value>0x45b6</value>
         <object_component_ref idref="oc-6f9"/>
      </symbol>
      <symbol id="sm-69e">
         <name>__mspabi_slll_5</name>
         <value>0x45ba</value>
         <object_component_ref idref="oc-6f9"/>
      </symbol>
      <symbol id="sm-69f">
         <name>__mspabi_slll_4</name>
         <value>0x45be</value>
         <object_component_ref idref="oc-6f9"/>
      </symbol>
      <symbol id="sm-6a0">
         <name>__mspabi_slll_3</name>
         <value>0x45c2</value>
         <object_component_ref idref="oc-6f9"/>
      </symbol>
      <symbol id="sm-6a1">
         <name>__mspabi_slll_2</name>
         <value>0x45c6</value>
         <object_component_ref idref="oc-6f9"/>
      </symbol>
      <symbol id="sm-6a2">
         <name>__mspabi_slll_1</name>
         <value>0x45ca</value>
         <object_component_ref idref="oc-6f9"/>
      </symbol>
      <symbol id="sm-6a3">
         <name>__mspabi_slll_15</name>
         <value>0x4592</value>
         <object_component_ref idref="oc-6f9"/>
      </symbol>
      <symbol id="sm-6a4">
         <name>__mspabi_slll_14</name>
         <value>0x4596</value>
         <object_component_ref idref="oc-6f9"/>
      </symbol>
      <symbol id="sm-6a5">
         <name>__mspabi_slll_13</name>
         <value>0x459a</value>
         <object_component_ref idref="oc-6f9"/>
      </symbol>
      <symbol id="sm-6a6">
         <name>__mspabi_slll_12</name>
         <value>0x459e</value>
         <object_component_ref idref="oc-6f9"/>
      </symbol>
      <symbol id="sm-6a7">
         <name>__mspabi_slll_11</name>
         <value>0x45a2</value>
         <object_component_ref idref="oc-6f9"/>
      </symbol>
      <symbol id="sm-6a8">
         <name>__mspabi_slll_10</name>
         <value>0x45a6</value>
         <object_component_ref idref="oc-6f9"/>
      </symbol>
      <symbol id="sm-6b0">
         <name>__mspabi_sral_15</name>
         <value>0x4554</value>
         <object_component_ref idref="oc-679"/>
      </symbol>
      <symbol id="sm-6b1">
         <name>__mspabi_sral_14</name>
         <value>0x4558</value>
         <object_component_ref idref="oc-679"/>
      </symbol>
      <symbol id="sm-6b2">
         <name>__mspabi_sral_13</name>
         <value>0x455c</value>
         <object_component_ref idref="oc-679"/>
      </symbol>
      <symbol id="sm-6b3">
         <name>__mspabi_sral_12</name>
         <value>0x4560</value>
         <object_component_ref idref="oc-679"/>
      </symbol>
      <symbol id="sm-6b4">
         <name>__mspabi_sral_11</name>
         <value>0x4564</value>
         <object_component_ref idref="oc-679"/>
      </symbol>
      <symbol id="sm-6b5">
         <name>__mspabi_sral_10</name>
         <value>0x4568</value>
         <object_component_ref idref="oc-679"/>
      </symbol>
      <symbol id="sm-6b6">
         <name>__mspabi_sral_8</name>
         <value>0x4570</value>
         <object_component_ref idref="oc-679"/>
      </symbol>
      <symbol id="sm-6b7">
         <name>__mspabi_sral_9</name>
         <value>0x456c</value>
         <object_component_ref idref="oc-679"/>
      </symbol>
      <symbol id="sm-6b8">
         <name>__mspabi_sral_6</name>
         <value>0x4578</value>
         <object_component_ref idref="oc-679"/>
      </symbol>
      <symbol id="sm-6b9">
         <name>__mspabi_sral_7</name>
         <value>0x4574</value>
         <object_component_ref idref="oc-679"/>
      </symbol>
      <symbol id="sm-6ba">
         <name>__mspabi_sral_4</name>
         <value>0x4580</value>
         <object_component_ref idref="oc-679"/>
      </symbol>
      <symbol id="sm-6bb">
         <name>__mspabi_sral_5</name>
         <value>0x457c</value>
         <object_component_ref idref="oc-679"/>
      </symbol>
      <symbol id="sm-6bc">
         <name>__mspabi_sral_2</name>
         <value>0x4588</value>
         <object_component_ref idref="oc-679"/>
      </symbol>
      <symbol id="sm-6bd">
         <name>__mspabi_sral_3</name>
         <value>0x4584</value>
         <object_component_ref idref="oc-679"/>
      </symbol>
      <symbol id="sm-6be">
         <name>__mspabi_sral_1</name>
         <value>0x458c</value>
         <object_component_ref idref="oc-679"/>
      </symbol>
      <symbol id="sm-6ce">
         <name>__mspabi_srll_8</name>
         <value>0x45ec</value>
         <object_component_ref idref="oc-88b"/>
      </symbol>
      <symbol id="sm-6cf">
         <name>__mspabi_srll_9</name>
         <value>0x45e8</value>
         <object_component_ref idref="oc-88b"/>
      </symbol>
      <symbol id="sm-6d0">
         <name>__mspabi_srll_6</name>
         <value>0x45f4</value>
         <object_component_ref idref="oc-88b"/>
      </symbol>
      <symbol id="sm-6d1">
         <name>__mspabi_srll_7</name>
         <value>0x45f0</value>
         <object_component_ref idref="oc-88b"/>
      </symbol>
      <symbol id="sm-6d2">
         <name>__mspabi_srll_4</name>
         <value>0x45fc</value>
         <object_component_ref idref="oc-88b"/>
      </symbol>
      <symbol id="sm-6d3">
         <name>__mspabi_srll_5</name>
         <value>0x45f8</value>
         <object_component_ref idref="oc-88b"/>
      </symbol>
      <symbol id="sm-6d4">
         <name>__mspabi_srll_2</name>
         <value>0x4604</value>
         <object_component_ref idref="oc-88b"/>
      </symbol>
      <symbol id="sm-6d5">
         <name>__mspabi_srll_3</name>
         <value>0x4600</value>
         <object_component_ref idref="oc-88b"/>
      </symbol>
      <symbol id="sm-6d6">
         <name>__mspabi_srll_1</name>
         <value>0x4608</value>
         <object_component_ref idref="oc-88b"/>
      </symbol>
      <symbol id="sm-6d7">
         <name>__mspabi_srll_15</name>
         <value>0x45d0</value>
         <object_component_ref idref="oc-88b"/>
      </symbol>
      <symbol id="sm-6d8">
         <name>__mspabi_srll_14</name>
         <value>0x45d4</value>
         <object_component_ref idref="oc-88b"/>
      </symbol>
      <symbol id="sm-6d9">
         <name>__mspabi_srll_13</name>
         <value>0x45d8</value>
         <object_component_ref idref="oc-88b"/>
      </symbol>
      <symbol id="sm-6da">
         <name>__mspabi_srll_12</name>
         <value>0x45dc</value>
         <object_component_ref idref="oc-88b"/>
      </symbol>
      <symbol id="sm-6db">
         <name>__mspabi_srll_11</name>
         <value>0x45e0</value>
         <object_component_ref idref="oc-88b"/>
      </symbol>
      <symbol id="sm-6dc">
         <name>__mspabi_srll_10</name>
         <value>0x45e4</value>
         <object_component_ref idref="oc-88b"/>
      </symbol>
      <symbol id="sm-6dd">
         <name>__mspabi_srll</name>
         <value>0x4aa6</value>
         <object_component_ref idref="oc-5f7"/>
      </symbol>
      <symbol id="sm-6ea">
         <name>__mspabi_srlll</name>
         <value>0x4648</value>
         <object_component_ref idref="oc-7c7"/>
      </symbol>
      <symbol id="sm-6fa">
         <name>_c_int00_noargs_mpu</name>
         <value>0x44aa</value>
         <object_component_ref idref="oc-414"/>
      </symbol>
      <symbol id="sm-6fb">
         <name>_stack</name>
         <value>0x2360</value>
         <object_component_ref idref="oc-3b1"/>
      </symbol>
      <symbol id="sm-6fc">
         <name>_reset_vector</name>
         <value>0xfffe</value>
         <object_component_ref idref="oc-3b4"/>
      </symbol>
      <symbol id="sm-705">
         <name>__mpu_init</name>
         <value>0x47aa</value>
         <object_component_ref idref="oc-47d"/>
      </symbol>
      <symbol id="sm-729">
         <name>__TI_auto_init_nobinit_nopinit_hold_wdt</name>
         <value>0x13e02</value>
         <object_component_ref idref="oc-509"/>
      </symbol>
      <symbol id="sm-732">
         <name>_system_post_cinit</name>
         <value>0x4b40</value>
         <object_component_ref idref="oc-5af"/>
      </symbol>
      <symbol id="sm-73b">
         <name>_system_pre_init</name>
         <value>0x4b3c</value>
         <object_component_ref idref="oc-465"/>
      </symbol>
      <symbol id="sm-74c">
         <name>C$$EXIT</name>
         <value>0x4b36</value>
         <object_component_ref idref="oc-4e5"/>
      </symbol>
      <symbol id="sm-74d">
         <name>abort</name>
         <value>0x4b36</value>
         <object_component_ref idref="oc-4e5"/>
      </symbol>
      <symbol id="sm-75d">
         <name>memcpy</name>
         <value>0x4a5c</value>
         <object_component_ref idref="oc-3c0"/>
      </symbol>
      <symbol id="sm-789">
         <name>snprintf</name>
         <value>0x13c96</value>
         <object_component_ref idref="oc-53d"/>
      </symbol>
      <symbol id="sm-958">
         <name>__TI_printfi</name>
         <value>0x10ee0</value>
         <object_component_ref idref="oc-666"/>
      </symbol>
      <symbol id="sm-967">
         <name>__TI_ltoa</name>
         <value>0x13912</value>
         <object_component_ref idref="oc-833"/>
      </symbol>
      <symbol id="sm-986">
         <name>__mspabi_cmpd</name>
         <value>0x13228</value>
         <object_component_ref idref="oc-7a6"/>
      </symbol>
      <symbol id="sm-9a7">
         <name>__mspabi_divd</name>
         <value>0x11d44</value>
         <object_component_ref idref="oc-800"/>
      </symbol>
      <symbol id="sm-9c2">
         <name>__TI_frcdivd</name>
         <value>0x1072a</value>
         <object_component_ref idref="oc-85e"/>
      </symbol>
      <symbol id="sm-9ce">
         <name>__mspabi_remli</name>
         <value>0x44d6</value>
         <object_component_ref idref="oc-884"/>
      </symbol>
      <symbol id="sm-9cf">
         <name>__mspabi_divli</name>
         <value>0x44d6</value>
         <object_component_ref idref="oc-884"/>
      </symbol>
      <symbol id="sm-9dd">
         <name>__mspabi_remul</name>
         <value>0x13d54</value>
         <object_component_ref idref="oc-7c2"/>
      </symbol>
      <symbol id="sm-9de">
         <name>__mspabi_divul</name>
         <value>0x13d54</value>
         <object_component_ref idref="oc-7c2"/>
      </symbol>
      <symbol id="sm-a11">
         <name>__mspabi_divull</name>
         <value>0x10b92</value>
         <object_component_ref idref="oc-7bc"/>
      </symbol>
      <symbol id="sm-a1e">
         <name>__mspabi_fixdi</name>
         <value>0x4856</value>
         <object_component_ref idref="oc-845"/>
      </symbol>
      <symbol id="sm-a2d">
         <name>__mspabi_fixdli</name>
         <value>0x13b6a</value>
         <object_component_ref idref="oc-82d"/>
      </symbol>
      <symbol id="sm-a36">
         <name>__mspabi_fltid</name>
         <value>0x4afc</value>
         <object_component_ref idref="oc-879"/>
      </symbol>
      <symbol id="sm-a4e">
         <name>__mspabi_fltlid</name>
         <value>0x135ba</value>
         <object_component_ref idref="oc-839"/>
      </symbol>
      <symbol id="sm-a73">
         <name>__mspabi_mpyd</name>
         <value>0x11186</value>
         <object_component_ref idref="oc-7fa"/>
      </symbol>
      <symbol id="sm-a7e">
         <name>__TI_frcmpyd</name>
         <value>0x129f8</value>
         <object_component_ref idref="oc-856"/>
      </symbol>
      <symbol id="sm-a8b">
         <name>__mspabi_negd</name>
         <value>0x474e</value>
         <object_component_ref idref="oc-788"/>
      </symbol>
      <symbol id="sm-a98">
         <name>__mspabi_sllll</name>
         <value>0x460e</value>
         <object_component_ref idref="oc-821"/>
      </symbol>
      <symbol id="sm-aa1">
         <name>__mspabi_subd</name>
         <value>0x46ee</value>
         <object_component_ref idref="oc-83f"/>
      </symbol>
      <symbol id="sm-adb">
         <name>__mspabi_addd</name>
         <value>0x10000</value>
         <object_component_ref idref="oc-892"/>
      </symbol>
      <symbol id="sm-ae8">
         <name>__mspabi_srall</name>
         <value>0x13f84</value>
         <object_component_ref idref="oc-8c9"/>
      </symbol>
      <symbol id="sm-af2">
         <name>abs</name>
         <value>0x4b12</value>
         <object_component_ref idref="oc-84c"/>
      </symbol>
      <symbol id="sm-b05">
         <name>atoi</name>
         <value>0x13c34</value>
         <object_component_ref idref="oc-723"/>
      </symbol>
      <symbol id="sm-b0f">
         <name>_ctypes_</name>
         <value>0x4de2</value>
         <object_component_ref idref="oc-75a"/>
      </symbol>
      <symbol id="sm-b16">
         <name>errno</name>
         <value>0x1e60</value>
         <object_component_ref idref="oc-738"/>
      </symbol>
      <symbol id="sm-b32">
         <name>frexpl</name>
         <value>0x13514</value>
         <object_component_ref idref="oc-807"/>
      </symbol>
      <symbol id="sm-b33">
         <name>frexp</name>
         <value>0x13514</value>
         <object_component_ref idref="oc-807"/>
      </symbol>
      <symbol id="sm-b4c">
         <name>scalbn</name>
         <value>0x12b5c</value>
         <object_component_ref idref="oc-86d"/>
      </symbol>
      <symbol id="sm-b4d">
         <name>scalbnl</name>
         <value>0x12b5c</value>
         <object_component_ref idref="oc-86d"/>
      </symbol>
      <symbol id="sm-b4e">
         <name>ldexpl</name>
         <value>0x12b5c</value>
         <object_component_ref idref="oc-86d"/>
      </symbol>
      <symbol id="sm-b4f">
         <name>ldexp</name>
         <value>0x12b5c</value>
         <object_component_ref idref="oc-86d"/>
      </symbol>
      <symbol id="sm-b58">
         <name>copysign</name>
         <value>0x477c</value>
         <object_component_ref idref="oc-8b8"/>
      </symbol>
      <symbol id="sm-b59">
         <name>copysignl</name>
         <value>0x477c</value>
         <object_component_ref idref="oc-8b8"/>
      </symbol>
      <symbol id="sm-b68">
         <name>memccpy</name>
         <value>0x487e</value>
         <object_component_ref idref="oc-714"/>
      </symbol>
      <symbol id="sm-b76">
         <name>memset</name>
         <value>0x49f2</value>
         <object_component_ref idref="oc-707"/>
      </symbol>
      <symbol id="sm-b85">
         <name>strchr</name>
         <value>0x4974</value>
         <object_component_ref idref="oc-873"/>
      </symbol>
      <symbol id="sm-b92">
         <name>strlen</name>
         <value>0x4aee</value>
         <object_component_ref idref="oc-6ab"/>
      </symbol>
      <symbol id="sm-b9f">
         <name>toupper</name>
         <value>0x4a94</value>
         <object_component_ref idref="oc-782"/>
      </symbol>
      <symbol id="sm-bb7">
         <name>wcslen</name>
         <value>0x4a1e</value>
         <object_component_ref idref="oc-732"/>
      </symbol>
   </symbol_table>
   <title>Link successful</title>
</link_info>
